<html>
<body>
<pre>
<h1>礦ision Build Log</h1>
<h2>Tool Versions:</h2>
IDE-Version: μVision V5.23.0.0
Copyright (C) 2017 ARM Ltd and ARM Germany GmbH. All rights reserved.
License Information: xu Windows, HP Inc., LIC=03CQD-86LPA-PARDH-W35JX-PP11U-ANZ4A
 
Tool Versions:
Toolchain:       MDK-ARM Plus  Version: 5.23
Toolchain Path:  C:\Keil_v5\ARM\ARMCC\Bin
C Compiler:      Armcc.exe V5.06 update 4 (build 422)
Assembler:       Armasm.exe V5.06 update 4 (build 422)
Linker/Locator:  ArmLink.exe V5.06 update 4 (build 422)
Library Manager: ArmAr.exe V5.06 update 4 (build 422)
Hex Converter:   FromElf.exe V5.06 update 4 (build 422)
CPU DLL:         SARMCM3.DLL V5.23
Dialog DLL:      DCM.DLL V1.15.0.0
Target DLL:      Segger\JL2CM3.dll V2.99.23.0
Dialog DLL:      TCM.DLL V1.27.0.0
 
<h2>Project:</h2>
C:\Users\42128\Desktop\hand_5.22\USER\Template.uvprojx
Project File Date:  05/24/2017

<h2>Output:</h2>
*** Using Compiler 'V5.06 update 4 (build 422)', folder: 'C:\Keil_v5\ARM\ARMCC\Bin'
Build target 'Template'
compiling Hand_Main_Fuction.c...
..\SRC\inerface\Hand_Main_Fuction.h(25): warning:  #1-D: last line of file ends without a newline
  #endif
..\SRC\inerface\transfer_protocol_uart.h(77): warning:  #1-D: last line of file ends without a newline
  #endif
..\SRC\inerface\Hand_Main_Fuction.c(43): warning:  #188-D: enumerated type mixed with another type
  					protocol_uart_send_pc_msg( temp, len, pack_interface->pack_state);
..\SRC\inerface\Hand_Main_Fuction.c(29): warning:  #177-D: variable "check_sum"  was declared but never referenced
  				static unsigned char check_sum = 0;
..\SRC\inerface\Hand_Main_Fuction.c(51): warning:  #177-D: variable "i_temp"  was declared but never referenced
  		uint8_t i_temp;
..\SRC\inerface\Hand_Main_Fuction.c(72): warning:  #177-D: variable "i_temp"  was declared but never referenced
  		uint8_t i_temp;
..\SRC\inerface\Hand_Main_Fuction.c(86): warning:  #177-D: variable "i_temp"  was declared but never referenced
  		uint8_t i_temp;
..\SRC\inerface\Hand_Main_Fuction.c(142): warning:  #188-D: enumerated type mixed with another type
  					protocol_uart_send_pc_msg( temp, 10, pack_interface->pack_state);  //调用函数发送数据
..\SRC\inerface\Hand_Main_Fuction.c(127): warning:  #177-D: variable "check_sum"  was declared but never referenced
  				static unsigned char check_sum = 0;
..\SRC\inerface\Hand_Main_Fuction.c(169): warning:  #188-D: enumerated type mixed with another type
  					protocol_uart_send_pc_msg( temp, 12, pack_interface->pack_state);
..\SRC\inerface\Hand_Main_Fuction.c(156): warning:  #177-D: variable "check_sum"  was declared but never referenced
  				static unsigned char check_sum = 0;
..\SRC\inerface\Hand_Main_Fuction.c(202): warning:  #188-D: enumerated type mixed with another type
  					protocol_uart_send_pc_msg( temp, 12, pack_interface->pack_state);
..\SRC\inerface\Hand_Main_Fuction.c(214): warning:  #177-D: variable "_send"  was declared but never referenced
  				PackData _send;
..\SRC\inerface\Hand_Main_Fuction.c(217): warning:  #177-D: variable "check_sum"  was declared but never referenced
  				static unsigned char check_sum = 0;
..\SRC\inerface\Hand_Main_Fuction.c(242): warning:  #177-D: variable "_send"  was declared but never referenced
  				PackData _send;
..\SRC\inerface\Hand_Main_Fuction.c(245): warning:  #177-D: variable "check_sum"  was declared but never referenced
  				static unsigned char check_sum = 0;
..\SRC\inerface\Hand_Main_Fuction.c(272): warning:  #177-D: variable "_send"  was declared but never referenced
  				PackData _send;
..\SRC\inerface\Hand_Main_Fuction.c(275): warning:  #177-D: variable "check_sum"  was declared but never referenced
  				static unsigned char check_sum = 0;
..\SRC\inerface\Hand_Main_Fuction.c: 18 warnings, 0 errors
linking...
Program Size: Code=16392 RO-data=424 RW-data=200 ZI-data=2008  
FromELF: creating hex file...
"..\OBJ\Template.axf" - 0 Error(s), 18 Warning(s).

<h2>Collection of Component include folders:</h2>
  .\RTE\_Template
  C:\Keil_v5\ARM\PACK\Keil\STM32F4xx_DFP\2.5.0\Drivers\CMSIS\Device\ST\STM32F4xx\Include

<h2>Collection of Component Files used:</h2>
Build Time Elapsed:  00:00:02
</pre>
</body>
</html>
