Component: ARM Compiler 5.06 update 4 (build 422) Tool: armlink [4d35d2]

==============================================================================

Section Cross References

    main.o(.text) refers to misc.o(.text) for NVIC_PriorityGroupConfig
    main.o(.text) refers to drv_sysclk.o(.text) for systick_init
    main.o(.text) refers to drv_uart.o(.text) for drv_uart_init
    main.o(.text) refers to drv_timer.o(.text) for timer_pwm_init
    main.o(.text) refers to drv_spi.o(.text) for drv_ads_anglular_init
    main.o(.text) refers to inter_sensors.o(.text) for init_sensor_interface
    main.o(.text) refers to tran_protocol_uart.o(.text) for init_hand_com
    main.o(.text) refers to drv_led.o(.text) for drv_led_init
    main.o(.text) refers to led_blink.o(.text) for led_blink
    main.o(.text) refers to hand_main_fuction.o(.text) for hand_message_loop
    main.o(.text) refers to drv_adc.o(.text) for _ADCC_start_sample
    main.o(.text) refers to main.o(.data) for time_test
    hand_main_fuction.o(.text) refers to drv_sysclk.o(.text) for millis
    hand_main_fuction.o(.text) refers to tran_protocol_uart.o(.text) for get_pack_interface_handle
    hand_main_fuction.o(.text) refers to inter_sensors.o(.text) for get_sensor_interface_handle
    hand_main_fuction.o(.text) refers to hand_main_fuction.o(.data) for speed_record_time
    hand_main_fuction.o(.text) refers to hand_main_fuction.o(.bss) for Hand_value
    inter_sensors.o(.text) refers to drv_adc.o(.text) for ADCC_Configuration
    inter_sensors.o(.text) refers to drv_spi.o(.text) for get_spi_sensor_handle
    inter_sensors.o(.text) refers to inter_sensors.o(.bss) for sensor_interface
    led_blink.o(.text) refers to drv_sysclk.o(.text) for millis
    led_blink.o(.text) refers to drv_led.o(.text) for drv_led_toggle
    led_blink.o(.text) refers to led_blink.o(.data) for led_blink_time
    tran_protocol_uart.o(.text) refers to drv_uart.o(.text) for drv_put_bytes
    tran_protocol_uart.o(.text) refers to tran_protocol_uart.o(.data) for pos_rev
    tran_protocol_uart.o(.text) refers to tran_protocol_uart.o(.bss) for receive_Pack
    drv_adc.o(.text) refers to stm32f4xx_rcc.o(.text) for RCC_AHB1PeriphClockCmd
    drv_adc.o(.text) refers to stm32f4xx_gpio.o(.text) for GPIO_Init
    drv_adc.o(.text) refers to stm32f4xx_dma.o(.text) for DMA_Init
    drv_adc.o(.text) refers to stm32f4xx_adc.o(.text) for ADC_CommonInit
    drv_adc.o(.text) refers to drv_adc.o(.bss) for adc_sensor
    drv_spi.o(.text) refers to stm32f4xx_rcc.o(.text) for RCC_AHB1PeriphClockCmd
    drv_spi.o(.text) refers to stm32f4xx_gpio.o(.text) for GPIO_Init
    drv_spi.o(.text) refers to stm32f4xx_spi.o(.text) for SPI_Init
    drv_spi.o(.text) refers to drv_spi.o(.bss) for spi_sensors
    drv_sysclk.o(.text) refers to stm32f4xx_rcc.o(.text) for RCC_GetClocksFreq
    drv_sysclk.o(.text) refers to drv_sysclk.o(.data) for g_ulMsCounters
    drv_timer.o(.text) refers to stm32f4xx_rcc.o(.text) for RCC_APB1PeriphClockCmd
    drv_timer.o(.text) refers to stm32f4xx_tim.o(.text) for TIM_TimeBaseInit
    drv_timer.o(.text) refers to misc.o(.text) for NVIC_Init
    drv_timer.o(.text) refers to stm32f4xx_gpio.o(.text) for GPIO_PinAFConfig
    drv_timer.o(.text) refers to drv_timer.o(.data) for GPIO_POSITIVE_PIN
    drv_led.o(.text) refers to stm32f4xx_rcc.o(.text) for RCC_AHB1PeriphClockCmd
    drv_led.o(.text) refers to stm32f4xx_gpio.o(.text) for GPIO_Init
    drv_uart.o(.text) refers to stm32f4xx_rcc.o(.text) for RCC_APB2PeriphClockCmd
    drv_uart.o(.text) refers to stm32f4xx_gpio.o(.text) for GPIO_PinAFConfig
    drv_uart.o(.text) refers to stm32f4xx_usart.o(.text) for USART_Init
    drv_uart.o(.text) refers to misc.o(.text) for NVIC_Init
    drv_uart.o(.text) refers to drv_uart.o(.data) for _rx_process_hand
    stm32f4xx_it.o(.text) refers to drv_sysclk.o(.text) for SysTickIntHandler
    system_stm32f4xx.o(.text) refers to system_stm32f4xx.o(.data) for SystemCoreClock
    startup_stm32f40_41xxx.o(STACK) refers (Special) to heapauxi.o(.text) for __use_two_region_memory
    startup_stm32f40_41xxx.o(HEAP) refers (Special) to heapauxi.o(.text) for __use_two_region_memory
    startup_stm32f40_41xxx.o(RESET) refers (Special) to heapauxi.o(.text) for __use_two_region_memory
    startup_stm32f40_41xxx.o(RESET) refers to startup_stm32f40_41xxx.o(STACK) for __initial_sp
    startup_stm32f40_41xxx.o(RESET) refers to startup_stm32f40_41xxx.o(.text) for Reset_Handler
    startup_stm32f40_41xxx.o(RESET) refers to stm32f4xx_it.o(.text) for NMI_Handler
    startup_stm32f40_41xxx.o(RESET) refers to drv_timer.o(.text) for TIM2_IRQHandler
    startup_stm32f40_41xxx.o(RESET) refers to drv_uart.o(.text) for USART1_IRQHandler
    startup_stm32f40_41xxx.o(.text) refers (Special) to heapauxi.o(.text) for __use_two_region_memory
    startup_stm32f40_41xxx.o(.text) refers to system_stm32f4xx.o(.text) for SystemInit
    startup_stm32f40_41xxx.o(.text) refers to __main.o(!!!main) for __main
[...]
    ../clib/signal.c                         0x00000000   Number         0  defsig_rtmem_inner.o ABSOLUTE
    ../clib/signal.c                         0x00000000   Number         0  defsig_rtmem_formal.o ABSOLUTE
    ../clib/signal.c                         0x00000000   Number         0  defsig_rtmem_outer.o ABSOLUTE
    ../clib/signal.c                         0x00000000   Number         0  defsig_exit.o ABSOLUTE
    ../clib/signal.c                         0x00000000   Number         0  defsig_other.o ABSOLUTE
    ../clib/signal.c                         0x00000000   Number         0  defsig_segv_inner.o ABSOLUTE
    ../clib/signal.c                         0x00000000   Number         0  defsig_cppl_inner.o ABSOLUTE
    ../clib/signal.c                         0x00000000   Number         0  defsig_pvfn_inner.o ABSOLUTE
    ../clib/signal.c                         0x00000000   Number         0  defsig_stak_inner.o ABSOLUTE
    ../clib/signal.c                         0x00000000   Number         0  defsig_rtred_inner.o ABSOLUTE
    ../clib/signal.c                         0x00000000   Number         0  defsig_fpe_inner.o ABSOLUTE
    ../clib/signal.s                         0x00000000   Number         0  defsig.o ABSOLUTE
    ../clib/stdlib.c                         0x00000000   Number         0  exit.o ABSOLUTE
    ../fplib/fpinit.s                        0x00000000   Number         0  fpinit.o ABSOLUTE
    ..\CORE\startup_stm32f40_41xxx.s         0x00000000   Number         0  startup_stm32f40_41xxx.o ABSOLUTE
    ..\FWLIB\src\misc.c                      0x00000000   Number         0  misc.o ABSOLUTE
    ..\FWLIB\src\stm32f4xx_adc.c             0x00000000   Number         0  stm32f4xx_adc.o ABSOLUTE
    ..\FWLIB\src\stm32f4xx_can.c             0x00000000   Number         0  stm32f4xx_can.o ABSOLUTE
    ..\FWLIB\src\stm32f4xx_crc.c             0x00000000   Number         0  stm32f4xx_crc.o ABSOLUTE
    ..\FWLIB\src\stm32f4xx_cryp.c            0x00000000   Number         0  stm32f4xx_cryp.o ABSOLUTE
    ..\FWLIB\src\stm32f4xx_cryp_aes.c        0x00000000   Number         0  stm32f4xx_cryp_aes.o ABSOLUTE
    ..\FWLIB\src\stm32f4xx_cryp_des.c        0x00000000   Number         0  stm32f4xx_cryp_des.o ABSOLUTE
    ..\FWLIB\src\stm32f4xx_cryp_tdes.c       0x00000000   Number         0  stm32f4xx_cryp_tdes.o ABSOLUTE
    ..\FWLIB\src\stm32f4xx_dac.c             0x00000000   Number         0  stm32f4xx_dac.o ABSOLUTE
    ..\FWLIB\src\stm32f4xx_dbgmcu.c          0x00000000   Number         0  stm32f4xx_dbgmcu.o ABSOLUTE
    ..\FWLIB\src\stm32f4xx_dcmi.c            0x00000000   Number         0  stm32f4xx_dcmi.o ABSOLUTE
    ..\FWLIB\src\stm32f4xx_dma.c             0x00000000   Number         0  stm32f4xx_dma.o ABSOLUTE
    ..\FWLIB\src\stm32f4xx_dma2d.c           0x00000000   Number         0  stm32f4xx_dma2d.o ABSOLUTE
    ..\FWLIB\src\stm32f4xx_exti.c            0x00000000   Number         0  stm32f4xx_exti.o ABSOLUTE
    ..\FWLIB\src\stm32f4xx_flash.c           0x00000000   Number         0  stm32f4xx_flash.o ABSOLUTE
    ..\FWLIB\src\stm32f4xx_flash_ramfunc.c   0x00000000   Number         0  stm32f4xx_flash_ramfunc.o ABSOLUTE
    ..\FWLIB\src\stm32f4xx_fsmc.c            0x00000000   Number         0  stm32f4xx_fsmc.o ABSOLUTE
    ..\FWLIB\src\stm32f4xx_gpio.c            0x00000000   Number         0  stm32f4xx_gpio.o ABSOLUTE
    ..\FWLIB\src\stm32f4xx_hash.c            0x00000000   Number         0  stm32f4xx_hash.o ABSOLUTE
    ..\FWLIB\src\stm32f4xx_hash_md5.c        0x00000000   Number         0  stm32f4xx_hash_md5.o ABSOLUTE
    ..\FWLIB\src\stm32f4xx_hash_sha1.c       0x00000000   Number         0  stm32f4xx_hash_sha1.o ABSOLUTE
    ..\FWLIB\src\stm32f4xx_i2c.c             0x00000000   Number         0  stm32f4xx_i2c.o ABSOLUTE
    ..\FWLIB\src\stm32f4xx_iwdg.c            0x00000000   Number         0  stm32f4xx_iwdg.o ABSOLUTE
    ..\FWLIB\src\stm32f4xx_ltdc.c            0x00000000   Number         0  stm32f4xx_ltdc.o ABSOLUTE
    ..\FWLIB\src\stm32f4xx_pwr.c             0x00000000   Number         0  stm32f4xx_pwr.o ABSOLUTE
    ..\FWLIB\src\stm32f4xx_rcc.c             0x00000000   Number         0  stm32f4xx_rcc.o ABSOLUTE
    ..\FWLIB\src\stm32f4xx_rng.c             0x00000000   Number         0  stm32f4xx_rng.o ABSOLUTE
    ..\FWLIB\src\stm32f4xx_rtc.c             0x00000000   Number         0  stm32f4xx_rtc.o ABSOLUTE
    ..\FWLIB\src\stm32f4xx_sai.c             0x00000000   Number         0  stm32f4xx_sai.o ABSOLUTE
    ..\FWLIB\src\stm32f4xx_sdio.c            0x00000000   Number         0  stm32f4xx_sdio.o ABSOLUTE
    ..\FWLIB\src\stm32f4xx_spi.c             0x00000000   Number         0  stm32f4xx_spi.o ABSOLUTE
    ..\FWLIB\src\stm32f4xx_syscfg.c          0x00000000   Number         0  stm32f4xx_syscfg.o ABSOLUTE
    ..\FWLIB\src\stm32f4xx_tim.c             0x00000000   Number         0  stm32f4xx_tim.o ABSOLUTE
    ..\FWLIB\src\stm32f4xx_usart.c           0x00000000   Number         0  stm32f4xx_usart.o ABSOLUTE
    ..\FWLIB\src\stm32f4xx_wwdg.c            0x00000000   Number         0  stm32f4xx_wwdg.o ABSOLUTE
    ..\SRC\application\main.c                0x00000000   Number         0  main.o ABSOLUTE
    ..\SRC\driver\drv_adc.c                  0x00000000   Number         0  drv_adc.o ABSOLUTE
    ..\SRC\driver\drv_led.c                  0x00000000   Number         0  drv_led.o ABSOLUTE
    ..\SRC\driver\drv_spi.c                  0x00000000   Number         0  drv_spi.o ABSOLUTE
    ..\SRC\driver\drv_sysclk.c               0x00000000   Number         0  drv_sysclk.o ABSOLUTE
    ..\SRC\driver\drv_timer.c                0x00000000   Number         0  drv_timer.o ABSOLUTE
    ..\SRC\driver\drv_uart.c                 0x00000000   Number         0  drv_uart.o ABSOLUTE
    ..\SRC\inerface\Hand_Main_Fuction.c      0x00000000   Number         0  hand_main_fuction.o ABSOLUTE
    ..\SRC\inerface\inter_sensors.c          0x00000000   Number         0  inter_sensors.o ABSOLUTE
    ..\SRC\inerface\led_blink.c              0x00000000   Number         0  led_blink.o ABSOLUTE
    ..\SRC\inerface\tran_protocol_uart.c     0x00000000   Number         0  tran_protocol_uart.o ABSOLUTE
    ..\\FWLIB\\src\\misc.c                   0x00000000   Number         0  misc.o ABSOLUTE
    ..\\FWLIB\\src\\stm32f4xx_adc.c          0x00000000   Number         0  stm32f4xx_adc.o ABSOLUTE
    ..\\FWLIB\\src\\stm32f4xx_can.c          0x00000000   Number         0  stm32f4xx_can.o ABSOLUTE
    ..\\FWLIB\\src\\stm32f4xx_crc.c          0x00000000   Number         0  stm32f4xx_crc.o ABSOLUTE
    ..\\FWLIB\\src\\stm32f4xx_cryp.c         0x00000000   Number         0  stm32f4xx_cryp.o ABSOLUTE
    ..\\FWLIB\\src\\stm32f4xx_cryp_aes.c     0x00000000   Number         0  stm32f4xx_cryp_aes.o ABSOLUTE
    ..\\FWLIB\\src\\stm32f4xx_cryp_des.c     0x00000000   Number         0  stm32f4xx_cryp_des.o ABSOLUTE
    ..\\FWLIB\\src\\stm32f4xx_cryp_tdes.c    0x00000000   Number         0  stm32f4xx_cryp_tdes.o ABSOLUTE
    ..\\FWLIB\\src\\stm32f4xx_dac.c          0x00000000   Number         0  stm32f4xx_dac.o ABSOLUTE
    ..\\FWLIB\\src\\stm32f4xx_dbgmcu.c       0x00000000   Number         0  stm32f4xx_dbgmcu.o ABSOLUTE
    ..\\FWLIB\\src\\stm32f4xx_dcmi.c         0x00000000   Number         0  stm32f4xx_dcmi.o ABSOLUTE
    ..\\FWLIB\\src\\stm32f4xx_dma.c          0x00000000   Number         0  stm32f4xx_dma.o ABSOLUTE
    ..\\FWLIB\\src\\stm32f4xx_dma2d.c        0x00000000   Number         0  stm32f4xx_dma2d.o ABSOLUTE
    ..\\FWLIB\\src\\stm32f4xx_exti.c         0x00000000   Number         0  stm32f4xx_exti.o ABSOLUTE
    ..\\FWLIB\\src\\stm32f4xx_flash.c        0x00000000   Number         0  stm32f4xx_flash.o ABSOLUTE
    ..\\FWLIB\\src\\stm32f4xx_flash_ramfunc.c 0x00000000   Number         0  stm32f4xx_flash_ramfunc.o ABSOLUTE
    ..\\FWLIB\\src\\stm32f4xx_fsmc.c         0x00000000   Number         0  stm32f4xx_fsmc.o ABSOLUTE
    ..\\FWLIB\\src\\stm32f4xx_gpio.c         0x00000000   Number         0  stm32f4xx_gpio.o ABSOLUTE
    ..\\FWLIB\\src\\stm32f4xx_hash.c         0x00000000   Number         0  stm32f4xx_hash.o ABSOLUTE
    ..\\FWLIB\\src\\stm32f4xx_hash_md5.c     0x00000000   Number         0  stm32f4xx_hash_md5.o ABSOLUTE
    ..\\FWLIB\\src\\stm32f4xx_hash_sha1.c    0x00000000   Number         0  stm32f4xx_hash_sha1.o ABSOLUTE
    ..\\FWLIB\\src\\stm32f4xx_i2c.c          0x00000000   Number         0  stm32f4xx_i2c.o ABSOLUTE
    ..\\FWLIB\\src\\stm32f4xx_iwdg.c         0x00000000   Number         0  stm32f4xx_iwdg.o ABSOLUTE
    ..\\FWLIB\\src\\stm32f4xx_ltdc.c         0x00000000   Number         0  stm32f4xx_ltdc.o ABSOLUTE
    ..\\FWLIB\\src\\stm32f4xx_pwr.c          0x00000000   Number         0  stm32f4xx_pwr.o ABSOLUTE
    ..\\FWLIB\\src\\stm32f4xx_rcc.c          0x00000000   Number         0  stm32f4xx_rcc.o ABSOLUTE
    ..\\FWLIB\\src\\stm32f4xx_rng.c          0x00000000   Number         0  stm32f4xx_rng.o ABSOLUTE
    ..\\FWLIB\\src\\stm32f4xx_rtc.c          0x00000000   Number         0  stm32f4xx_rtc.o ABSOLUTE
    ..\\FWLIB\\src\\stm32f4xx_sai.c          0x00000000   Number         0  stm32f4xx_sai.o ABSOLUTE
    ..\\FWLIB\\src\\stm32f4xx_sdio.c         0x00000000   Number         0  stm32f4xx_sdio.o ABSOLUTE
    ..\\FWLIB\\src\\stm32f4xx_spi.c          0x00000000   Number         0  stm32f4xx_spi.o ABSOLUTE
    ..\\FWLIB\\src\\stm32f4xx_syscfg.c       0x00000000   Number         0  stm32f4xx_syscfg.o ABSOLUTE
    ..\\FWLIB\\src\\stm32f4xx_tim.c          0x00000000   Number         0  stm32f4xx_tim.o ABSOLUTE
    ..\\FWLIB\\src\\stm32f4xx_usart.c        0x00000000   Number         0  stm32f4xx_usart.o ABSOLUTE
    ..\\FWLIB\\src\\stm32f4xx_wwdg.c         0x00000000   Number         0  stm32f4xx_wwdg.o ABSOLUTE
    ..\\SRC\\application\\main.c             0x00000000   Number         0  main.o ABSOLUTE
    ..\\SRC\\driver\\drv_adc.c               0x00000000   Number         0  drv_adc.o ABSOLUTE
    ..\\SRC\\driver\\drv_led.c               0x00000000   Number         0  drv_led.o ABSOLUTE
    ..\\SRC\\driver\\drv_spi.c               0x00000000   Number         0  drv_spi.o ABSOLUTE
    ..\\SRC\\driver\\drv_sysclk.c            0x00000000   Number         0  drv_sysclk.o ABSOLUTE
    ..\\SRC\\driver\\drv_timer.c             0x00000000   Number         0  drv_timer.o ABSOLUTE
    ..\\SRC\\driver\\drv_uart.c              0x00000000   Number         0  drv_uart.o ABSOLUTE
    ..\\SRC\\inerface\\Hand_Main_Fuction.c   0x00000000   Number         0  hand_main_fuction.o ABSOLUTE
    ..\\SRC\\inerface\\inter_sensors.c       0x00000000   Number         0  inter_sensors.o ABSOLUTE
    ..\\SRC\\inerface\\led_blink.c           0x00000000   Number         0  led_blink.o ABSOLUTE
    ..\\SRC\\inerface\\tran_protocol_uart.c  0x00000000   Number         0  tran_protocol_uart.o ABSOLUTE
    dc.s                                     0x00000000   Number         0  dc.o ABSOLUTE
    stm32f4xx_it.c                           0x00000000   Number         0  stm32f4xx_it.o ABSOLUTE
    stm32f4xx_it.c                           0x00000000   Number         0  stm32f4xx_it.o ABSOLUTE
    system_stm32f4xx.c                       0x00000000   Number         0  system_stm32f4xx.o ABSOLUTE
    system_stm32f4xx.c                       0x00000000   Number         0  system_stm32f4xx.o ABSOLUTE
    RESET                                    0x08000000   Section      392  startup_stm32f40_41xxx.o(RESET)
    !!!main                                  0x08000188   Section        8  __main.o(!!!main)
    !!!scatter                               0x08000190   Section       52  __scatter.o(!!!scatter)
    !!handler_copy                           0x080001c4   Section       26  __scatter_copy.o(!!handler_copy)
    !!handler_zi                             0x080001e0   Section       28  __scatter_zi.o(!!handler_zi)
    .ARM.Collect$$libinit$$00000000          0x080001fc   Section        2  libinit.o(.ARM.Collect$$libinit$$00000000)
    .ARM.Collect$$libinit$$00000001          0x080001fe   Section        4  libinit2.o(.ARM.Collect$$libinit$$00000001)
    .ARM.Collect$$libinit$$00000004          0x08000202   Section        0  libinit2.o(.ARM.Collect$$libinit$$00000004)
    .ARM.Collect$$libinit$$0000000A          0x08000202   Section        0  libinit2.o(.ARM.Collect$$libinit$$0000000A)
    .ARM.Collect$$libinit$$0000000C          0x08000202   Section        0  libinit2.o(.ARM.Collect$$libinit$$0000000C)
    .ARM.Collect$$libinit$$0000000E          0x08000202   Section        0  libinit2.o(.ARM.Collect$$libinit$$0000000E)
    .ARM.Collect$$libinit$$00000011          0x08000202   Section        0  libinit2.o(.ARM.Collect$$libinit$$00000011)
    .ARM.Collect$$libinit$$00000013          0x08000202   Section        0  libinit2.o(.ARM.Collect$$libinit$$00000013)
    .ARM.Collect$$libinit$$00000015          0x08000202   Section        0  libinit2.o(.ARM.Collect$$libinit$$00000015)
    .ARM.Collect$$libinit$$00000017          0x08000202   Section        0  libinit2.o(.ARM.Collect$$libinit$$00000017)
    .ARM.Collect$$libinit$$00000019          0x08000202   Section        0  libinit2.o(.ARM.Collect$$libinit$$00000019)
    .ARM.Collect$$libinit$$0000001B          0x08000202   Section        0  libinit2.o(.ARM.Collect$$libinit$$0000001B)
    .ARM.Collect$$libinit$$0000001D          0x08000202   Section        0  libinit2.o(.ARM.Collect$$libinit$$0000001D)
    .ARM.Collect$$libinit$$0000001F          0x08000202   Section        0  libinit2.o(.ARM.Collect$$libinit$$0000001F)
    .ARM.Collect$$libinit$$00000021          0x08000202   Section        0  libinit2.o(.ARM.Collect$$libinit$$00000021)
    .ARM.Collect$$libinit$$00000023          0x08000202   Section        0  libinit2.o(.ARM.Collect$$libinit$$00000023)
    .ARM.Collect$$libinit$$00000025          0x08000202   Section        0  libinit2.o(.ARM.Collect$$libinit$$00000025)
    .ARM.Collect$$libinit$$0000002C          0x08000202   Section        0  libinit2.o(.ARM.Collect$$libinit$$0000002C)
    .ARM.Collect$$libinit$$0000002E          0x08000202   Section        0  libinit2.o(.ARM.Collect$$libinit$$0000002E)
    .ARM.Collect$$libinit$$00000030          0x08000202   Section        0  libinit2.o(.ARM.Collect$$libinit$$00000030)
    .ARM.Collect$$libinit$$00000032          0x08000202   Section        0  libinit2.o(.ARM.Collect$$libinit$$00000032)
    .ARM.Collect$$libinit$$00000033          0x08000202   Section        2  libinit2.o(.ARM.Collect$$libinit$$00000033)
    .ARM.Collect$$libshutdown$$00000000      0x08000204   Section        2  libshutdown.o(.ARM.Collect$$libshutdown$$00000000)
    .ARM.Collect$$libshutdown$$00000002      0x08000206   Section        0  libshutdown2.o(.ARM.Collect$$libshutdown$$00000002)
    .ARM.Collect$$libshutdown$$00000004      0x08000206   Section        0  libshutdown2.o(.ARM.Collect$$libshutdown$$00000004)
    .ARM.Collect$$libshutdown$$00000007      0x08000206   Section        0  libshutdown2.o(.ARM.Collect$$libshutdown$$00000007)
    .ARM.Collect$$libshutdown$$0000000A      0x08000206   Section        0  libshutdown2.o(.ARM.Collect$$libshutdown$$0000000A)
    .ARM.Collect$$libshutdown$$0000000C      0x08000206   Section        0  libshutdown2.o(.ARM.Collect$$libshutdown$$0000000C)
    .ARM.Collect$$libshutdown$$0000000F      0x08000206   Section        0  libshutdown2.o(.ARM.Collect$$libshutdown$$0000000F)
    .ARM.Collect$$libshutdown$$00000010      0x08000206   Section        2  libshutdown2.o(.ARM.Collect$$libshutdown$$00000010)
    .ARM.Collect$$rtentry$$00000000          0x08000208   Section        0  __rtentry.o(.ARM.Collect$$rtentry$$00000000)
    .ARM.Collect$$rtentry$$00000002          0x08000208   Section        0  __rtentry2.o(.ARM.Collect$$rtentry$$00000002)
    .ARM.Collect$$rtentry$$00000004          0x08000208   Section        6  __rtentry4.o(.ARM.Collect$$rtentry$$00000004)
    .ARM.Collect$$rtentry$$00000009          0x0800020e   Section        0  __rtentry2.o(.ARM.Collect$$rtentry$$00000009)
    .ARM.Collect$$rtentry$$0000000A          0x0800020e   Section        4  __rtentry2.o(.ARM.Collect$$rtentry$$0000000A)
    .ARM.Collect$$rtentry$$0000000C          0x08000212   Section        0  __rtentry2.o(.ARM.Collect$$rtentry$$0000000C)
    .ARM.Collect$$rtentry$$0000000D          0x08000212   Section        8  __rtentry2.o(.ARM.Collect$$rtentry$$0000000D)
    .ARM.Collect$$rtexit$$00000000           0x0800021a   Section        2  rtexit.o(.ARM.Collect$$rtexit$$00000000)
    .ARM.Collect$$rtexit$$00000002           0x0800021c   Section        0  rtexit2.o(.ARM.Collect$$rtexit$$00000002)
    .ARM.Collect$$rtexit$$00000003           0x0800021c   Section        4  rtexit2.o(.ARM.Collect$$rtexit$$00000003)
    .ARM.Collect$$rtexit$$00000004           0x08000220   Section        6  rtexit2.o(.ARM.Collect$$rtexit$$00000004)
    .text                                    0x08000228   Section        0  main.o(.text)
    loop                                     0x0800025f   Thumb Code    14  main.o(.text)
    .text                                    0x08000394   Section        0  hand_main_fuction.o(.text)
    Hand_Heart_Check                         0x08000395   Thumb Code    96  hand_main_fuction.o(.text)
    Angle_sensor_Getvalue                    0x080003f5   Thumb Code   278  hand_main_fuction.o(.text)
    Pressure_sensor_Getvalue                 0x0800050b   Thumb Code   192  hand_main_fuction.o(.text)
    Current_sensor_Getvalue                  0x080005cb   Thumb Code   192  hand_main_fuction.o(.text)
    get_hand_sensor_value                    0x0800068b   Thumb Code    78  hand_main_fuction.o(.text)
    Pressure_Value_Get                       0x080006d9   Thumb Code   130  hand_main_fuction.o(.text)
    Current_Value_Get                        0x0800075b   Thumb Code   164  hand_main_fuction.o(.text)
    Angle_Value_Get                          0x080007ff   Thumb Code   126  hand_main_fuction.o(.text)
    piece_together                           0x0800087d   Thumb Code    10  hand_main_fuction.o(.text)
    Angle_Value_Set                          0x08000887   Thumb Code   106  hand_main_fuction.o(.text)
    Pressure_Value_Set                       0x080008f1   Thumb Code   108  hand_main_fuction.o(.text)
    Current_Value_Set                        0x0800095d   Thumb Code   108  hand_main_fuction.o(.text)
    .text                                    0x08000a04   Section        0  inter_sensors.o(.text)
    .text                                    0x08000a40   Section        0  led_blink.o(.text)
    .text                                    0x08000a70   Section        0  tran_protocol_uart.o(.text)
    _serial_hand_handle_t                    0x08000a71   Thumb Code   254  tran_protocol_uart.o(.text)
    _serial_hand_rx_t                        0x08000b6f   Thumb Code   136  tran_protocol_uart.o(.text)
    .text                                    0x08000cd4   Section        0  drv_adc.o(.text)
    .text                                    0x08000f78   Section        0  drv_spi.o(.text)
    SPI2_Configureation                      0x08000f79   Thumb Code   184  drv_spi.o(.text)
    .text                                    0x0800111c   Section        0  drv_sysclk.o(.text)
    .text                                    0x0800119c   Section        0  drv_timer.o(.text)
    .text                                    0x08001500   Section        0  drv_led.o(.text)
    .text                                    0x0800153c   Section        0  drv_uart.o(.text)
    _drv_uart_control_init                   0x0800153d   Thumb Code   182  drv_uart.o(.text)
    _drv_uart_system_init                    0x080015f3   Thumb Code   166  drv_uart.o(.text)
    .text                                    0x08001748   Section        0  stm32f4xx_it.o(.text)
    .text                                    0x08001768   Section        0  system_stm32f4xx.o(.text)
    SetSysClock                              0x08001769   Thumb Code   220  system_stm32f4xx.o(.text)
    .text                                    0x08001978   Section       64  startup_stm32f40_41xxx.o(.text)
    $v0                                      0x08001978   Number         0  startup_stm32f40_41xxx.o(.text)
    .text                                    0x080019b8   Section        0  misc.o(.text)
    .text                                    0x08001a98   Section        0  stm32f4xx_adc.o(.text)
    .text                                    0x08001efc   Section        0  stm32f4xx_dma.o(.text)
    .text                                    0x080022a4   Section        0  stm32f4xx_gpio.o(.text)
    .text                                    0x08002538   Section        0  stm32f4xx_rcc.o(.text)
    .text                                    0x08002b94   Section        0  stm32f4xx_spi.o(.text)
    .text                                    0x08003014   Section        0  stm32f4xx_tim.o(.text)
    TI4_Config                               0x080037b3   Thumb Code    80  stm32f4xx_tim.o(.text)
    TI3_Config                               0x08003815   Thumb Code    72  stm32f4xx_tim.o(.text)
    TI2_Config                               0x08003877   Thumb Code    90  stm32f4xx_tim.o(.text)
    TI1_Config                               0x080038e3   Thumb Code    58  stm32f4xx_tim.o(.text)
    .text                                    0x08003cb8   Section        0  stm32f4xx_usart.o(.text)
    .text                                    0x0800410c   Section        0  heapauxi.o(.text)
    .text                                    0x08004112   Section       74  sys_stackheap_outer.o(.text)
    .text                                    0x0800415c   Section        0  exit.o(.text)
    .text                                    0x08004170   Section        8  libspace.o(.text)
    .text                                    0x08004178   Section        0  sys_exit.o(.text)
    .text                                    0x08004184   Section        2  use_no_semi.o(.text)
    .text                                    0x08004186   Section        0  indicate_semi.o(.text)
    x$fpl$fpinit                             0x08004186   Section       10  fpinit.o(x$fpl$fpinit)
    $v0                                      0x08004186   Number         0  fpinit.o(x$fpl$fpinit)
    .data                                    0x20000000   Section       13  main.o(.data)
    time_test                                0x20000000   Data           8  main.o(.data)
    period                                   0x20000008   Data           4  main.o(.data)
    dir                                      0x2000000c   Data           1  main.o(.data)
    .data                                    0x20000010   Section       65  hand_main_fuction.o(.data)
    speed_record_time                        0x2000001c   Data           4  hand_main_fuction.o(.data)
    check_sum                                0x20000020   Data           1  hand_main_fuction.o(.data)
    speed_record_time                        0x20000024   Data           4  hand_main_fuction.o(.data)
    speed_record_time                        0x20000028   Data           4  hand_main_fuction.o(.data)
    check_sum                                0x2000002c   Data           1  hand_main_fuction.o(.data)
    speed_record_time                        0x20000030   Data           4  hand_main_fuction.o(.data)
    check_sum                                0x20000034   Data           1  hand_main_fuction.o(.data)
    speed_record_time                        0x20000038   Data           4  hand_main_fuction.o(.data)
    speed_record_time                        0x2000003c   Data           4  hand_main_fuction.o(.data)
    check_sum                                0x20000040   Data           1  hand_main_fuction.o(.data)
    speed_record_time                        0x20000044   Data           4  hand_main_fuction.o(.data)
    check_sum                                0x20000048   Data           1  hand_main_fuction.o(.data)
    speed_record_time                        0x2000004c   Data           4  hand_main_fuction.o(.data)
    check_sum                                0x20000050   Data           1  hand_main_fuction.o(.data)
    .data                                    0x20000058   Section        8  led_blink.o(.data)
    led_blink_time                           0x20000058   Data           8  led_blink.o(.data)
    .data                                    0x20000060   Section        5  tran_protocol_uart.o(.data)
    pos_rev                                  0x20000060   Data           1  tran_protocol_uart.o(.data)
    buffer_index                             0x20000061   Data           1  tran_protocol_uart.o(.data)
    data_len                                 0x20000062   Data           1  tran_protocol_uart.o(.data)
    check_sum                                0x20000063   Data           1  tran_protocol_uart.o(.data)
    check_sum                                0x20000064   Data           1  tran_protocol_uart.o(.data)
    .data                                    0x20000068   Section        8  drv_sysclk.o(.data)
    .data                                    0x20000070   Section       48  drv_timer.o(.data)
    .data                                    0x200000a0   Section        4  drv_uart.o(.data)
    _rx_process_hand                         0x200000a0   Data           4  drv_uart.o(.data)
    .data                                    0x200000a4   Section       20  system_stm32f4xx.o(.data)
    .data                                    0x200000b8   Section       16  stm32f4xx_rcc.o(.data)
    APBAHBPrescTable                         0x200000b8   Data          16  stm32f4xx_rcc.o(.data)
    .bss                                     0x200000c8   Section      228  hand_main_fuction.o(.bss)
    .bss                                     0x200001ac   Section       24  inter_sensors.o(.bss)
    .bss                                     0x200001c4   Section       72  tran_protocol_uart.o(.bss)
    .bss                                     0x2000020c   Section       32  drv_adc.o(.bss)
    .bss                                     0x2000022c   Section       16  drv_spi.o(.bss)
    .bss                                     0x2000023c   Section       96  libspace.o(.bss)
    HEAP                                     0x200002a0   Section      512  startup_stm32f40_41xxx.o(HEAP)
    Heap_Mem                                 0x200002a0   Data         512  startup_stm32f40_41xxx.o(HEAP)
    STACK                                    0x200004a0   Section     1024  startup_stm32f40_41xxx.o(STACK)
    Stack_Mem                                0x200004a0   Data        1024  startup_stm32f40_41xxx.o(STACK)
    __initial_sp                             0x200008a0   Data           0  startup_stm32f40_41xxx.o(STACK)

    Global Symbols

    Symbol Name                              Value     Ov Type        Size  Object(Section)

    BuildAttributes$$THM_ISAv4$E$P$D$K$B$S$7EM$VFPi3$EXTD16$VFPS$VFMA$PE$A:L22UL41UL21$X:L11$S22US41US21$IEEE1$IW$USESV6$~STKCKD$USESV7$~SHL$OSPACE$ROPI$EBA8$UX$STANDARDLIB$REQ8$PRES8$EABIv2 0x00000000   Number         0  anon$$obj.o ABSOLUTE
    __ARM_use_no_argv                        0x00000000   Number         0  main.o ABSOLUTE
    __ARM_exceptions_init                     - Undefined Weak Reference
    __alloca_initialize                       - Undefined Weak Reference
    __arm_preinit_                            - Undefined Weak Reference
    __cpp_initialize__aeabi_                  - Undefined Weak Reference
    __cxa_finalize                            - Undefined Weak Reference
    __rt_locale                               - Undefined Weak Reference
    __sigvec_lookup                           - Undefined Weak Reference
    _atexit_init                              - Undefined Weak Reference
    _call_atexit_fns                          - Undefined Weak Reference
    _clock_init                               - Undefined Weak Reference
    _fp_trap_init                             - Undefined Weak Reference
    _fp_trap_shutdown                         - Undefined Weak Reference
    _get_lc_collate                           - Undefined Weak Reference
    _get_lc_ctype                             - Undefined Weak Reference
    _get_lc_monetary                          - Undefined Weak Reference
    _get_lc_numeric                           - Undefined Weak Reference
    _get_lc_time                              - Undefined Weak Reference
    _getenv_init                              - Undefined Weak Reference
    _handle_redirection                       - Undefined Weak Reference
    _init_alloc                               - Undefined Weak Reference
    _init_user_alloc                          - Undefined Weak Reference
    _initio                                   - Undefined Weak Reference
    _rand_init                                - Undefined Weak Reference
    _signal_finish                            - Undefined Weak Reference
    _signal_init                              - Undefined Weak Reference
    _terminate_alloc                          - Undefined Weak Reference
    _terminate_user_alloc                     - Undefined Weak Reference
    _terminateio                              - Undefined Weak Reference
    __Vectors_Size                           0x00000188   Number         0  startup_stm32f40_41xxx.o ABSOLUTE
    __Vectors                                0x08000000   Data           4  startup_stm32f40_41xxx.o(RESET)
    __Vectors_End                            0x08000188   Data           0  startup_stm32f40_41xxx.o(RESET)
    __main                                   0x08000189   Thumb Code     8  __main.o(!!!main)
    __scatterload                            0x08000191   Thumb Code     0  __scatter.o(!!!scatter)
    __scatterload_rt2                        0x08000191   Thumb Code    44  __scatter.o(!!!scatter)
    __scatterload_rt2_thumb_only             0x08000191   Thumb Code     0  __scatter.o(!!!scatter)
    __scatterload_null                       0x0800019f   Thumb Code     0  __scatter.o(!!!scatter)
    __scatterload_copy                       0x080001c5   Thumb Code    26  __scatter_copy.o(!!handler_copy)
    __scatterload_zeroinit                   0x080001e1   Thumb Code    28  __scatter_zi.o(!!handler_zi)
    __rt_lib_init                            0x080001fd   Thumb Code     0  libinit.o(.ARM.Collect$$libinit$$00000000)
    __rt_lib_init_fp_1                       0x080001ff   Thumb Code     0  libinit2.o(.ARM.Collect$$libinit$$00000001)
    __rt_lib_init_alloca_1                   0x08000203   Thumb Code     0  libinit2.o(.ARM.Collect$$libinit$$0000002E)
    __rt_lib_init_argv_1                     0x08000203   Thumb Code     0  libinit2.o(.ARM.Collect$$libinit$$0000002C)
    __rt_lib_init_atexit_1                   0x08000203   Thumb Code     0  libinit2.o(.ARM.Collect$$libinit$$0000001B)
    __rt_lib_init_clock_1                    0x08000203   Thumb Code     0  libinit2.o(.ARM.Collect$$libinit$$00000021)
    __rt_lib_init_cpp_1                      0x08000203   Thumb Code     0  libinit2.o(.ARM.Collect$$libinit$$00000032)
    __rt_lib_init_exceptions_1               0x08000203   Thumb Code     0  libinit2.o(.ARM.Collect$$libinit$$00000030)
    __rt_lib_init_fp_trap_1                  0x08000203   Thumb Code     0  libinit2.o(.ARM.Collect$$libinit$$0000001F)
    __rt_lib_init_getenv_1                   0x08000203   Thumb Code     0  libinit2.o(.ARM.Collect$$libinit$$00000023)
    __rt_lib_init_heap_1                     0x08000203   Thumb Code     0  libinit2.o(.ARM.Collect$$libinit$$0000000A)
    __rt_lib_init_lc_collate_1               0x08000203   Thumb Code     0  libinit2.o(.ARM.Collect$$libinit$$00000011)
    __rt_lib_init_lc_ctype_1                 0x08000203   Thumb Code     0  libinit2.o(.ARM.Collect$$libinit$$00000013)
    __rt_lib_init_lc_monetary_1              0x08000203   Thumb Code     0  libinit2.o(.ARM.Collect$$libinit$$00000015)
    __rt_lib_init_lc_numeric_1               0x08000203   Thumb Code     0  libinit2.o(.ARM.Collect$$libinit$$00000017)
    __rt_lib_init_lc_time_1                  0x08000203   Thumb Code     0  libinit2.o(.ARM.Collect$$libinit$$00000019)
    __rt_lib_init_preinit_1                  0x08000203   Thumb Code     0  libinit2.o(.ARM.Collect$$libinit$$00000004)
    __rt_lib_init_rand_1                     0x08000203   Thumb Code     0  libinit2.o(.ARM.Collect$$libinit$$0000000E)
    __rt_lib_init_return                     0x08000203   Thumb Code     0  libinit2.o(.ARM.Collect$$libinit$$00000033)
    __rt_lib_init_signal_1                   0x08000203   Thumb Code     0  libinit2.o(.ARM.Collect$$libinit$$0000001D)
    __rt_lib_init_stdio_1                    0x08000203   Thumb Code     0  libinit2.o(.ARM.Collect$$libinit$$00000025)
    __rt_lib_init_user_alloc_1               0x08000203   Thumb Code     0  libinit2.o(.ARM.Collect$$libinit$$0000000C)
    __rt_lib_shutdown                        0x08000205   Thumb Code     0  libshutdown.o(.ARM.Collect$$libshutdown$$00000000)
    __rt_lib_shutdown_cpp_1                  0x08000207   Thumb Code     0  libshutdown2.o(.ARM.Collect$$libshutdown$$00000002)
    __rt_lib_shutdown_fp_trap_1              0x08000207   Thumb Code     0  libshutdown2.o(.ARM.Collect$$libshutdown$$00000007)
    __rt_lib_shutdown_heap_1                 0x08000207   Thumb Code     0  libshutdown2.o(.ARM.Collect$$libshutdown$$0000000F)
    __rt_lib_shutdown_return                 0x08000207   Thumb Code     0  libshutdown2.o(.ARM.Collect$$libshutdown$$00000010)
    __rt_lib_shutdown_signal_1               0x08000207   Thumb Code     0  libshutdown2.o(.ARM.Collect$$libshutdown$$0000000A)
    __rt_lib_shutdown_stdio_1                0x08000207   Thumb Code     0  libshutdown2.o(.ARM.Collect$$libshutdown$$00000004)
    __rt_lib_shutdown_user_alloc_1           0x08000207   Thumb Code     0  libshutdown2.o(.ARM.Collect$$libshutdown$$0000000C)
    __rt_entry                               0x08000209   Thumb Code     0  __rtentry.o(.ARM.Collect$$rtentry$$00000000)
    __rt_entry_presh_1                       0x08000209   Thumb Code     0  __rtentry2.o(.ARM.Collect$$rtentry$$00000002)
    __rt_entry_sh                            0x08000209   Thumb Code     0  __rtentry4.o(.ARM.Collect$$rtentry$$00000004)
    __rt_entry_li                            0x0800020f   Thumb Code     0  __rtentry2.o(.ARM.Collect$$rtentry$$0000000A)
    __rt_entry_postsh_1                      0x0800020f   Thumb Code     0  __rtentry2.o(.ARM.Collect$$rtentry$$00000009)
    __rt_entry_main                          0x08000213   Thumb Code     0  __rtentry2.o(.ARM.Collect$$rtentry$$0000000D)
    __rt_entry_postli_1                      0x08000213   Thumb Code     0  __rtentry2.o(.ARM.Collect$$rtentry$$0000000C)
    __rt_exit                                0x0800021b   Thumb Code     0  rtexit.o(.ARM.Collect$$rtexit$$00000000)
    __rt_exit_ls                             0x0800021d   Thumb Code     0  rtexit2.o(.ARM.Collect$$rtexit$$00000003)
    __rt_exit_prels_1                        0x0800021d   Thumb Code     0  rtexit2.o(.ARM.Collect$$rtexit$$00000002)
    __rt_exit_exit                           0x08000221   Thumb Code     0  rtexit2.o(.ARM.Collect$$rtexit$$00000004)
    init_dev                                 0x08000229   Thumb Code    54  main.o(.text)
    main                                     0x0800026d   Thumb Code   284  main.o(.text)
    hand_message_loop                        0x080009c9   Thumb Code    36  hand_main_fuction.o(.text)
    init_sensor_interface                    0x08000a05   Thumb Code    50  inter_sensors.o(.text)
    get_sensor_interface_handle              0x08000a37   Thumb Code     4  inter_sensors.o(.text)
    led_blink                                0x08000a41   Thumb Code    42  led_blink.o(.text)
    protocol_uart_send_pc_msg                0x08000bf7   Thumb Code   144  tran_protocol_uart.o(.text)
    init_hand_com                            0x08000c87   Thumb Code    38  tran_protocol_uart.o(.text)
    get_pack_interface_handle                0x08000cad   Thumb Code     4  tran_protocol_uart.o(.text)
    ADCC_Configuration                       0x08000cd5   Thumb Code   322  drv_adc.o(.text)
    ADCP_Configuration                       0x08000e17   Thumb Code   290  drv_adc.o(.text)
    _ADCP_start_sample                       0x08000f39   Thumb Code    16  drv_adc.o(.text)
    _ADCC_start_sample                       0x08000f49   Thumb Code    14  drv_adc.o(.text)
    get_adc_sensor_handle                    0x08000f57   Thumb Code     4  drv_adc.o(.text)
    gpio_cs_init                             0x08001031   Thumb Code    50  drv_spi.o(.text)
    drv_ads_anglular_init                    0x08001063   Thumb Code    12  drv_spi.o(.text)
    SPI1_ReadWriteByte                       0x0800106f   Thumb Code    72  drv_spi.o(.text)
    _SPI_start_sample                        0x080010b7   Thumb Code    82  drv_spi.o(.text)
    get_spi_sensor_handle                    0x08001109   Thumb Code     4  drv_spi.o(.text)
    systick_init                             0x0800111d   Thumb Code    86  drv_sysclk.o(.text)
    SysTickIntHandler                        0x08001173   Thumb Code    20  drv_sysclk.o(.text)
    millis                                   0x08001187   Thumb Code     8  drv_sysclk.o(.text)
    timer_Int_Init                           0x0800119d   Thumb Code   100  drv_timer.o(.text)
    timer_pwm_init                           0x08001201   Thumb Code   354  drv_timer.o(.text)
    gpio_motor_dir_init                      0x08001363   Thumb Code   142  drv_timer.o(.text)
    timer_pwm_fresh                          0x080013f1   Thumb Code    86  drv_timer.o(.text)
    set_motor_direction                      0x08001447   Thumb Code   126  drv_timer.o(.text)
    TIM2_IRQHandler                          0x080014c5   Thumb Code    24  drv_timer.o(.text)
    drv_led_init                             0x08001501   Thumb Code    44  drv_led.o(.text)
    drv_led_toggle                           0x0800152d   Thumb Code    12  drv_led.o(.text)
    drv_uart_init                            0x08001699   Thumb Code    20  drv_uart.o(.text)
    uart_hand_backcall                       0x080016ad   Thumb Code     6  drv_uart.o(.text)
    drv_put_byte                             0x080016b3   Thumb Code    30  drv_uart.o(.text)
    drv_put_bytes                            0x080016d1   Thumb Code    32  drv_uart.o(.text)
    USART1_IRQHandler                        0x080016f1   Thumb Code    26  drv_uart.o(.text)
    USART2_IRQHandler                        0x0800170b   Thumb Code    40  drv_uart.o(.text)
    NMI_Handler                              0x08001749   Thumb Code     2  stm32f4xx_it.o(.text)
    HardFault_Handler                        0x0800174b   Thumb Code     4  stm32f4xx_it.o(.text)
    MemManage_Handler                        0x0800174f   Thumb Code     4  stm32f4xx_it.o(.text)
    BusFault_Handler                         0x08001753   Thumb Code     4  stm32f4xx_it.o(.text)
    UsageFault_Handler                       0x08001757   Thumb Code     4  stm32f4xx_it.o(.text)
    SVC_Handler                              0x0800175b   Thumb Code     2  stm32f4xx_it.o(.text)
    DebugMon_Handler                         0x0800175d   Thumb Code     2  stm32f4xx_it.o(.text)
    PendSV_Handler                           0x0800175f   Thumb Code     2  stm32f4xx_it.o(.text)
    SysTick_Handler                          0x08001761   Thumb Code     8  stm32f4xx_it.o(.text)
    SystemInit                               0x08001845   Thumb Code    88  system_stm32f4xx.o(.text)
    SystemCoreClockUpdate                    0x0800189d   Thumb Code   174  system_stm32f4xx.o(.text)
    Reset_Handler                            0x08001979   Thumb Code     8  startup_stm32f40_41xxx.o(.text)
    ADC_IRQHandler                           0x08001993   Thumb Code     0  startup_stm32f40_41xxx.o(.text)
    CAN1_RX0_IRQHandler                      0x08001993   Thumb Code     0  startup_stm32f40_41xxx.o(.text)
    CAN1_RX1_IRQHandler                      0x08001993   Thumb Code     0  startup_stm32f40_41xxx.o(.text)
    CAN1_SCE_IRQHandler                      0x08001993   Thumb Code     0  startup_stm32f40_41xxx.o(.text)
    CAN1_TX_IRQHandler                       0x08001993   Thumb Code     0  startup_stm32f40_41xxx.o(.text)
    CAN2_RX0_IRQHandler                      0x08001993   Thumb Code     0  startup_stm32f40_41xxx.o(.text)
    CAN2_RX1_IRQHandler                      0x08001993   Thumb Code     0  startup_stm32f40_41xxx.o(.text)
    CAN2_SCE_IRQHandler                      0x08001993   Thumb Code     0  startup_stm32f40_41xxx.o(.text)
    CAN2_TX_IRQHandler                       0x08001993   Thumb Code     0  startup_stm32f40_41xxx.o(.text)
    CRYP_IRQHandler                          0x08001993   Thumb Code     0  startup_stm32f40_41xxx.o(.text)
    DCMI_IRQHandler                          0x08001993   Thumb Code     0  startup_stm32f40_41xxx.o(.text)
    DMA1_Stream0_IRQHandler                  0x08001993   Thumb Code     0  startup_stm32f40_41xxx.o(.text)
    DMA1_Stream1_IRQHandler                  0x08001993   Thumb Code     0  startup_stm32f40_41xxx.o(.text)
    DMA1_Stream2_IRQHandler                  0x08001993   Thumb Code     0  startup_stm32f40_41xxx.o(.text)
    DMA1_Stream3_IRQHandler                  0x08001993   Thumb Code     0  startup_stm32f40_41xxx.o(.text)
    DMA1_Stream4_IRQHandler                  0x08001993   Thumb Code     0  startup_stm32f40_41xxx.o(.text)
    DMA1_Stream5_IRQHandler                  0x08001993   Thumb Code     0  startup_stm32f40_41xxx.o(.text)
    DMA1_Stream6_IRQHandler                  0x08001993   Thumb Code     0  startup_stm32f40_41xxx.o(.text)
    DMA1_Stream7_IRQHandler                  0x08001993   Thumb Code     0  startup_stm32f40_41xxx.o(.text)
    DMA2_Stream0_IRQHandler                  0x08001993   Thumb Code     0  startup_stm32f40_41xxx.o(.text)
    DMA2_Stream1_IRQHandler                  0x08001993   Thumb Code     0  startup_stm32f40_41xxx.o(.text)
    DMA2_Stream2_IRQHandler                  0x08001993   Thumb Code     0  startup_stm32f40_41xxx.o(.text)
    DMA2_Stream3_IRQHandler                  0x08001993   Thumb Code     0  startup_stm32f40_41xxx.o(.text)
    DMA2_Stream4_IRQHandler                  0x08001993   Thumb Code     0  startup_stm32f40_41xxx.o(.text)
    DMA2_Stream5_IRQHandler                  0x08001993   Thumb Code     0  startup_stm32f40_41xxx.o(.text)
    DMA2_Stream6_IRQHandler                  0x08001993   Thumb Code     0  startup_stm32f40_41xxx.o(.text)
    DMA2_Stream7_IRQHandler                  0x08001993   Thumb Code     0  startup_stm32f40_41xxx.o(.text)
    ETH_IRQHandler                           0x08001993   Thumb Code     0  startup_stm32f40_41xxx.o(.text)
    ETH_WKUP_IRQHandler                      0x08001993   Thumb Code     0  startup_stm32f40_41xxx.o(.text)
    EXTI0_IRQHandler                         0x08001993   Thumb Code     0  startup_stm32f40_41xxx.o(.text)
    EXTI15_10_IRQHandler                     0x08001993   Thumb Code     0  startup_stm32f40_41xxx.o(.text)
    EXTI1_IRQHandler                         0x08001993   Thumb Code     0  startup_stm32f40_41xxx.o(.text)
    EXTI2_IRQHandler                         0x08001993   Thumb Code     0  startup_stm32f40_41xxx.o(.text)
    EXTI3_IRQHandler                         0x08001993   Thumb Code     0  startup_stm32f40_41xxx.o(.text)
    EXTI4_IRQHandler                         0x08001993   Thumb Code     0  startup_stm32f40_41xxx.o(.text)
    EXTI9_5_IRQHandler                       0x08001993   Thumb Code     0  startup_stm32f40_41xxx.o(.text)
    FLASH_IRQHandler                         0x08001993   Thumb Code     0  startup_stm32f40_41xxx.o(.text)
    FPU_IRQHandler                           0x08001993   Thumb Code     0  startup_stm32f40_41xxx.o(.text)
    FSMC_IRQHandler                          0x08001993   Thumb Code     0  startup_stm32f40_41xxx.o(.text)
    HASH_RNG_IRQHandler                      0x08001993   Thumb Code     0  startup_stm32f40_41xxx.o(.text)
    I2C1_ER_IRQHandler                       0x08001993   Thumb Code     0  startup_stm32f40_41xxx.o(.text)
    I2C1_EV_IRQHandler                       0x08001993   Thumb Code     0  startup_stm32f40_41xxx.o(.text)
    I2C2_ER_IRQHandler                       0x08001993   Thumb Code     0  startup_stm32f40_41xxx.o(.text)
    I2C2_EV_IRQHandler                       0x08001993   Thumb Code     0  startup_stm32f40_41xxx.o(.text)
    I2C3_ER_IRQHandler                       0x08001993   Thumb Code     0  startup_stm32f40_41xxx.o(.text)
    I2C3_EV_IRQHandler                       0x08001993   Thumb Code     0  startup_stm32f40_41xxx.o(.text)
    OTG_FS_IRQHandler                        0x08001993   Thumb Code     0  startup_stm32f40_41xxx.o(.text)
    OTG_FS_WKUP_IRQHandler                   0x08001993   Thumb Code     0  startup_stm32f40_41xxx.o(.text)
    OTG_HS_EP1_IN_IRQHandler                 0x08001993   Thumb Code     0  startup_stm32f40_41xxx.o(.text)
    OTG_HS_EP1_OUT_IRQHandler                0x08001993   Thumb Code     0  startup_stm32f40_41xxx.o(.text)
    OTG_HS_IRQHandler                        0x08001993   Thumb Code     0  startup_stm32f40_41xxx.o(.text)
    OTG_HS_WKUP_IRQHandler                   0x08001993   Thumb Code     0  startup_stm32f40_41xxx.o(.text)
    PVD_IRQHandler                           0x08001993   Thumb Code     0  startup_stm32f40_41xxx.o(.text)
    RCC_IRQHandler                           0x08001993   Thumb Code     0  startup_stm32f40_41xxx.o(.text)
    RTC_Alarm_IRQHandler                     0x08001993   Thumb Code     0  startup_stm32f40_41xxx.o(.text)
    RTC_WKUP_IRQHandler                      0x08001993   Thumb Code     0  startup_stm32f40_41xxx.o(.text)
    SDIO_IRQHandler                          0x08001993   Thumb Code     0  startup_stm32f40_41xxx.o(.text)
    SPI1_IRQHandler                          0x08001993   Thumb Code     0  startup_stm32f40_41xxx.o(.text)
    SPI2_IRQHandler                          0x08001993   Thumb Code     0  startup_stm32f40_41xxx.o(.text)
    SPI3_IRQHandler                          0x08001993   Thumb Code     0  startup_stm32f40_41xxx.o(.text)
    TAMP_STAMP_IRQHandler                    0x08001993   Thumb Code     0  startup_stm32f40_41xxx.o(.text)
    TIM1_BRK_TIM9_IRQHandler                 0x08001993   Thumb Code     0  startup_stm32f40_41xxx.o(.text)
    TIM1_CC_IRQHandler                       0x08001993   Thumb Code     0  startup_stm32f40_41xxx.o(.text)
    TIM1_TRG_COM_TIM11_IRQHandler            0x08001993   Thumb Code     0  startup_stm32f40_41xxx.o(.text)
    TIM1_UP_TIM10_IRQHandler                 0x08001993   Thumb Code     0  startup_stm32f40_41xxx.o(.text)
    TIM3_IRQHandler                          0x08001993   Thumb Code     0  startup_stm32f40_41xxx.o(.text)
    TIM4_IRQHandler                          0x08001993   Thumb Code     0  startup_stm32f40_41xxx.o(.text)
    TIM5_IRQHandler                          0x08001993   Thumb Code     0  startup_stm32f40_41xxx.o(.text)
    TIM6_DAC_IRQHandler                      0x08001993   Thumb Code     0  startup_stm32f40_41xxx.o(.text)
    TIM7_IRQHandler                          0x08001993   Thumb Code     0  startup_stm32f40_41xxx.o(.text)
    TIM8_BRK_TIM12_IRQHandler                0x08001993   Thumb Code     0  startup_stm32f40_41xxx.o(.text)
    TIM8_CC_IRQHandler                       0x08001993   Thumb Code     0  startup_stm32f40_41xxx.o(.text)
    TIM8_TRG_COM_TIM14_IRQHandler            0x08001993   Thumb Code     0  startup_stm32f40_41xxx.o(.text)
    TIM8_UP_TIM13_IRQHandler                 0x08001993   Thumb Code     0  startup_stm32f40_41xxx.o(.text)
    UART4_IRQHandler                         0x08001993   Thumb Code     0  startup_stm32f40_41xxx.o(.text)
    UART5_IRQHandler                         0x08001993   Thumb Code     0  startup_stm32f40_41xxx.o(.text)
    USART3_IRQHandler                        0x08001993   Thumb Code     0  startup_stm32f40_41xxx.o(.text)
    USART6_IRQHandler                        0x08001993   Thumb Code     0  startup_stm32f40_41xxx.o(.text)
    WWDG_IRQHandler                          0x08001993   Thumb Code     0  startup_stm32f40_41xxx.o(.text)
    __user_initial_stackheap                 0x08001995   Thumb Code     0  startup_stm32f40_41xxx.o(.text)
    NVIC_PriorityGroupConfig                 0x080019b9   Thumb Code    10  misc.o(.text)
    NVIC_Init                                0x080019c3   Thumb Code   106  misc.o(.text)
    NVIC_SetVectorTable                      0x08001a2d   Thumb Code    14  misc.o(.text)
    NVIC_SystemLPConfig                      0x08001a3b   Thumb Code    34  misc.o(.text)
    SysTick_CLKSourceConfig                  0x08001a5d   Thumb Code    40  misc.o(.text)
    ADC_DeInit                               0x08001a99   Thumb Code    22  stm32f4xx_adc.o(.text)
    ADC_Init                                 0x08001aaf   Thumb Code    74  stm32f4xx_adc.o(.text)
    ADC_StructInit                           0x08001af9   Thumb Code    20  stm32f4xx_adc.o(.text)
    ADC_CommonInit                           0x08001b0d   Thumb Code    34  stm32f4xx_adc.o(.text)
    ADC_CommonStructInit                     0x08001b2f   Thumb Code    12  stm32f4xx_adc.o(.text)
    ADC_Cmd                                  0x08001b3b   Thumb Code    22  stm32f4xx_adc.o(.text)
    ADC_AnalogWatchdogCmd                    0x08001b51   Thumb Code    16  stm32f4xx_adc.o(.text)
    ADC_AnalogWatchdogThresholdsConfig       0x08001b61   Thumb Code     6  stm32f4xx_adc.o(.text)
    ADC_AnalogWatchdogSingleChannelConfig    0x08001b67   Thumb Code    16  stm32f4xx_adc.o(.text)
    ADC_TempSensorVrefintCmd                 0x08001b77   Thumb Code    34  stm32f4xx_adc.o(.text)
    ADC_VBATCmd                              0x08001b99   Thumb Code    34  stm32f4xx_adc.o(.text)
    ADC_RegularChannelConfig                 0x08001bbb   Thumb Code   184  stm32f4xx_adc.o(.text)
    ADC_SoftwareStartConv                    0x08001c73   Thumb Code    10  stm32f4xx_adc.o(.text)
    ADC_GetSoftwareStartConvStatus           0x08001c7d   Thumb Code    20  stm32f4xx_adc.o(.text)
    ADC_EOCOnEachRegularChannelCmd           0x08001c91   Thumb Code    22  stm32f4xx_adc.o(.text)
    ADC_ContinuousModeCmd                    0x08001ca7   Thumb Code    22  stm32f4xx_adc.o(.text)
    ADC_DiscModeChannelCountConfig           0x08001cbd   Thumb Code    24  stm32f4xx_adc.o(.text)
    ADC_DiscModeCmd                          0x08001cd5   Thumb Code    22  stm32f4xx_adc.o(.text)
    ADC_GetConversionValue                   0x08001ceb   Thumb Code     8  stm32f4xx_adc.o(.text)
    ADC_GetMultiModeConversionValue          0x08001cf3   Thumb Code     8  stm32f4xx_adc.o(.text)
    ADC_DMACmd                               0x08001cfb   Thumb Code    22  stm32f4xx_adc.o(.text)
    ADC_DMARequestAfterLastTransferCmd       0x08001d11   Thumb Code    22  stm32f4xx_adc.o(.text)
    ADC_MultiModeDMARequestAfterLastTransferCmd 0x08001d27   Thumb Code    34  stm32f4xx_adc.o(.text)
    ADC_InjectedChannelConfig                0x08001d49   Thumb Code   130  stm32f4xx_adc.o(.text)
    ADC_InjectedSequencerLengthConfig        0x08001dcb   Thumb Code    24  stm32f4xx_adc.o(.text)
    ADC_SetInjectedOffset                    0x08001de3   Thumb Code    20  stm32f4xx_adc.o(.text)
    ADC_ExternalTrigInjectedConvConfig       0x08001df7   Thumb Code    16  stm32f4xx_adc.o(.text)
    ADC_ExternalTrigInjectedConvEdgeConfig   0x08001e07   Thumb Code    16  stm32f4xx_adc.o(.text)
    ADC_SoftwareStartInjectedConv            0x08001e17   Thumb Code    10  stm32f4xx_adc.o(.text)
    ADC_GetSoftwareStartInjectedConvCmdStatus 0x08001e21   Thumb Code    20  stm32f4xx_adc.o(.text)
    ADC_AutoInjectedConvCmd                  0x08001e35   Thumb Code    22  stm32f4xx_adc.o(.text)
    ADC_InjectedDiscModeCmd                  0x08001e4b   Thumb Code    22  stm32f4xx_adc.o(.text)
    ADC_GetInjectedConversionValue           0x08001e61   Thumb Code    28  stm32f4xx_adc.o(.text)
    ADC_ITConfig                             0x08001e7d   Thumb Code    56  stm32f4xx_adc.o(.text)
    ADC_GetFlagStatus                        0x08001eb5   Thumb Code    18  stm32f4xx_adc.o(.text)
    ADC_ClearFlag                            0x08001ec7   Thumb Code     6  stm32f4xx_adc.o(.text)
    ADC_GetITStatus                          0x08001ecd   Thumb Code    38  stm32f4xx_adc.o(.text)
    ADC_ClearITPendingBit                    0x08001ef3   Thumb Code    10  stm32f4xx_adc.o(.text)
    DMA_DeInit                               0x08001efd   Thumb Code   324  stm32f4xx_dma.o(.text)
    DMA_Init                                 0x08002041   Thumb Code    82  stm32f4xx_dma.o(.text)
    DMA_StructInit                           0x08002093   Thumb Code    34  stm32f4xx_dma.o(.text)
    DMA_Cmd                                  0x080020b5   Thumb Code    22  stm32f4xx_dma.o(.text)
    DMA_PeriphIncOffsetSizeConfig            0x080020cb   Thumb Code    22  stm32f4xx_dma.o(.text)
    DMA_FlowControllerConfig                 0x080020e1   Thumb Code    22  stm32f4xx_dma.o(.text)
    DMA_SetCurrDataCounter                   0x080020f7   Thumb Code     4  stm32f4xx_dma.o(.text)
    DMA_GetCurrDataCounter                   0x080020fb   Thumb Code     8  stm32f4xx_dma.o(.text)
    DMA_DoubleBufferModeConfig               0x08002103   Thumb Code    24  stm32f4xx_dma.o(.text)
    DMA_DoubleBufferModeCmd                  0x0800211b   Thumb Code    22  stm32f4xx_dma.o(.text)
    DMA_MemoryTargetConfig                   0x08002131   Thumb Code    10  stm32f4xx_dma.o(.text)
    DMA_GetCurrentMemoryTarget               0x0800213b   Thumb Code    20  stm32f4xx_dma.o(.text)
    DMA_GetCmdStatus                         0x0800214f   Thumb Code    20  stm32f4xx_dma.o(.text)
    DMA_GetFIFOStatus                        0x08002163   Thumb Code    12  stm32f4xx_dma.o(.text)
    DMA_GetFlagStatus                        0x0800216f   Thumb Code    56  stm32f4xx_dma.o(.text)
    DMA_ClearFlag                            0x080021a7   Thumb Code    40  stm32f4xx_dma.o(.text)
    DMA_ITConfig                             0x080021cf   Thumb Code    58  stm32f4xx_dma.o(.text)
    DMA_GetITStatus                          0x08002209   Thumb Code    84  stm32f4xx_dma.o(.text)
    DMA_ClearITPendingBit                    0x0800225d   Thumb Code    40  stm32f4xx_dma.o(.text)
    GPIO_DeInit                              0x080022a5   Thumb Code   268  stm32f4xx_gpio.o(.text)
    GPIO_Init                                0x080023b1   Thumb Code   144  stm32f4xx_gpio.o(.text)
    GPIO_StructInit                          0x08002441   Thumb Code    18  stm32f4xx_gpio.o(.text)
    GPIO_PinLockConfig                       0x08002453   Thumb Code    34  stm32f4xx_gpio.o(.text)
    GPIO_ReadInputDataBit                    0x08002475   Thumb Code    18  stm32f4xx_gpio.o(.text)
    GPIO_ReadInputData                       0x08002487   Thumb Code     8  stm32f4xx_gpio.o(.text)
    GPIO_ReadOutputDataBit                   0x0800248f   Thumb Code    18  stm32f4xx_gpio.o(.text)
    GPIO_ReadOutputData                      0x080024a1   Thumb Code     8  stm32f4xx_gpio.o(.text)
    GPIO_SetBits                             0x080024a9   Thumb Code     4  stm32f4xx_gpio.o(.text)
    GPIO_ResetBits                           0x080024ad   Thumb Code     4  stm32f4xx_gpio.o(.text)
    GPIO_WriteBit                            0x080024b1   Thumb Code    10  stm32f4xx_gpio.o(.text)
    GPIO_Write                               0x080024bb   Thumb Code     4  stm32f4xx_gpio.o(.text)
    GPIO_ToggleBits                          0x080024bf   Thumb Code     8  stm32f4xx_gpio.o(.text)
    GPIO_PinAFConfig                         0x080024c7   Thumb Code    70  stm32f4xx_gpio.o(.text)
    RCC_DeInit                               0x08002539   Thumb Code    82  stm32f4xx_rcc.o(.text)
    RCC_HSEConfig                            0x0800258b   Thumb Code    14  stm32f4xx_rcc.o(.text)
    RCC_GetFlagStatus                        0x08002599   Thumb Code    60  stm32f4xx_rcc.o(.text)
    RCC_WaitForHSEStartUp                    0x080025d5   Thumb Code    56  stm32f4xx_rcc.o(.text)
    RCC_AdjustHSICalibrationValue            0x0800260d   Thumb Code    20  stm32f4xx_rcc.o(.text)
    RCC_HSICmd                               0x08002621   Thumb Code     6  stm32f4xx_rcc.o(.text)
    RCC_LSEConfig                            0x08002627   Thumb Code    46  stm32f4xx_rcc.o(.text)
    RCC_LSICmd                               0x08002655   Thumb Code     6  stm32f4xx_rcc.o(.text)
    RCC_PLLConfig                            0x0800265b   Thumb Code    32  stm32f4xx_rcc.o(.text)
    RCC_PLLCmd                               0x0800267b   Thumb Code     6  stm32f4xx_rcc.o(.text)
    RCC_PLLI2SConfig                         0x08002681   Thumb Code    14  stm32f4xx_rcc.o(.text)
    RCC_PLLI2SCmd                            0x0800268f   Thumb Code     6  stm32f4xx_rcc.o(.text)
    RCC_PLLSAIConfig                         0x08002695   Thumb Code    20  stm32f4xx_rcc.o(.text)
    RCC_PLLSAICmd                            0x080026a9   Thumb Code     6  stm32f4xx_rcc.o(.text)
    RCC_ClockSecuritySystemCmd               0x080026af   Thumb Code     6  stm32f4xx_rcc.o(.text)
    RCC_MCO1Config                           0x080026b5   Thumb Code    28  stm32f4xx_rcc.o(.text)
    RCC_MCO2Config                           0x080026d1   Thumb Code    28  stm32f4xx_rcc.o(.text)
    RCC_SYSCLKConfig                         0x080026ed   Thumb Code    20  stm32f4xx_rcc.o(.text)
    RCC_GetSYSCLKSource                      0x08002701   Thumb Code    12  stm32f4xx_rcc.o(.text)
    RCC_HCLKConfig                           0x0800270d   Thumb Code    20  stm32f4xx_rcc.o(.text)
    RCC_PCLK1Config                          0x08002721   Thumb Code    20  stm32f4xx_rcc.o(.text)
    RCC_PCLK2Config                          0x08002735   Thumb Code    22  stm32f4xx_rcc.o(.text)
    RCC_GetClocksFreq                        0x0800274b   Thumb Code   222  stm32f4xx_rcc.o(.text)
    RCC_RTCCLKConfig                         0x08002829   Thumb Code    54  stm32f4xx_rcc.o(.text)
    RCC_RTCCLKCmd                            0x0800285f   Thumb Code     8  stm32f4xx_rcc.o(.text)
    RCC_BackupResetCmd                       0x08002867   Thumb Code     8  stm32f4xx_rcc.o(.text)
    RCC_I2SCLKConfig                         0x0800286f   Thumb Code     6  stm32f4xx_rcc.o(.text)
    RCC_SAIPLLI2SClkDivConfig                0x08002875   Thumb Code    26  stm32f4xx_rcc.o(.text)
    RCC_SAIPLLSAIClkDivConfig                0x0800288f   Thumb Code    28  stm32f4xx_rcc.o(.text)
    RCC_SAIBlockACLKConfig                   0x080028ab   Thumb Code    20  stm32f4xx_rcc.o(.text)
    RCC_SAIBlockBCLKConfig                   0x080028bf   Thumb Code    20  stm32f4xx_rcc.o(.text)
    RCC_LTDCCLKDivConfig                     0x080028d3   Thumb Code    20  stm32f4xx_rcc.o(.text)
    RCC_TIMCLKPresConfig                     0x080028e7   Thumb Code     6  stm32f4xx_rcc.o(.text)
    RCC_AHB1PeriphClockCmd                   0x080028ed   Thumb Code    34  stm32f4xx_rcc.o(.text)
    RCC_AHB2PeriphClockCmd                   0x0800290f   Thumb Code    78  stm32f4xx_rcc.o(.text)
    RCC_AHB3PeriphClockCmd                   0x0800295d   Thumb Code    34  stm32f4xx_rcc.o(.text)
    RCC_APB1PeriphClockCmd                   0x0800297f   Thumb Code    34  stm32f4xx_rcc.o(.text)
    RCC_APB2PeriphClockCmd                   0x080029a1   Thumb Code    34  stm32f4xx_rcc.o(.text)
    RCC_AHB1PeriphResetCmd                   0x080029c3   Thumb Code    34  stm32f4xx_rcc.o(.text)
    RCC_AHB2PeriphResetCmd                   0x080029e5   Thumb Code    34  stm32f4xx_rcc.o(.text)
    RCC_AHB3PeriphResetCmd                   0x08002a07   Thumb Code    34  stm32f4xx_rcc.o(.text)
    RCC_APB1PeriphResetCmd                   0x08002a29   Thumb Code    34  stm32f4xx_rcc.o(.text)
    RCC_APB2PeriphResetCmd                   0x08002a4b   Thumb Code    34  stm32f4xx_rcc.o(.text)
    RCC_AHB1PeriphClockLPModeCmd             0x08002a6d   Thumb Code    34  stm32f4xx_rcc.o(.text)
    RCC_AHB2PeriphClockLPModeCmd             0x08002a8f   Thumb Code    34  stm32f4xx_rcc.o(.text)
    RCC_AHB3PeriphClockLPModeCmd             0x08002ab1   Thumb Code    34  stm32f4xx_rcc.o(.text)
    RCC_APB1PeriphClockLPModeCmd             0x08002ad3   Thumb Code    34  stm32f4xx_rcc.o(.text)
    RCC_APB2PeriphClockLPModeCmd             0x08002af5   Thumb Code    34  stm32f4xx_rcc.o(.text)
    RCC_LSEModeConfig                        0x08002b17   Thumb Code    40  stm32f4xx_rcc.o(.text)
    RCC_ITConfig                             0x08002b3f   Thumb Code    34  stm32f4xx_rcc.o(.text)
    RCC_ClearFlag                            0x08002b61   Thumb Code    18  stm32f4xx_rcc.o(.text)
    RCC_GetITStatus                          0x08002b73   Thumb Code    22  stm32f4xx_rcc.o(.text)
    RCC_ClearITPendingBit                    0x08002b89   Thumb Code     8  stm32f4xx_rcc.o(.text)
    SPI_I2S_DeInit                           0x08002b95   Thumb Code   152  stm32f4xx_spi.o(.text)
    SPI_Init                                 0x08002c2d   Thumb Code    60  stm32f4xx_spi.o(.text)
    I2S_Init                                 0x08002c69   Thumb Code   396  stm32f4xx_spi.o(.text)
    SPI_StructInit                           0x08002df5   Thumb Code    24  stm32f4xx_spi.o(.text)
    I2S_StructInit                           0x08002e0d   Thumb Code    20  stm32f4xx_spi.o(.text)
    SPI_Cmd                                  0x08002e21   Thumb Code    24  stm32f4xx_spi.o(.text)
    I2S_Cmd                                  0x08002e39   Thumb Code    24  stm32f4xx_spi.o(.text)
    SPI_DataSizeConfig                       0x08002e51   Thumb Code    18  stm32f4xx_spi.o(.text)
    SPI_BiDirectionalLineConfig              0x08002e63   Thumb Code    28  stm32f4xx_spi.o(.text)
    SPI_NSSInternalSoftwareConfig            0x08002e7f   Thumb Code    30  stm32f4xx_spi.o(.text)
    SPI_SSOutputCmd                          0x08002e9d   Thumb Code    24  stm32f4xx_spi.o(.text)
    SPI_TIModeCmd                            0x08002eb5   Thumb Code    24  stm32f4xx_spi.o(.text)
    I2S_FullDuplexConfig                     0x08002ecd   Thumb Code    80  stm32f4xx_spi.o(.text)
    SPI_I2S_ReceiveData                      0x08002f1d   Thumb Code     6  stm32f4xx_spi.o(.text)
    SPI_I2S_SendData                         0x08002f23   Thumb Code     4  stm32f4xx_spi.o(.text)
    SPI_CalculateCRC                         0x08002f27   Thumb Code    24  stm32f4xx_spi.o(.text)
    SPI_TransmitCRC                          0x08002f3f   Thumb Code    10  stm32f4xx_spi.o(.text)
    SPI_GetCRC                               0x08002f49   Thumb Code    16  stm32f4xx_spi.o(.text)
    SPI_GetCRCPolynomial                     0x08002f59   Thumb Code     6  stm32f4xx_spi.o(.text)
    SPI_I2S_DMACmd                           0x08002f5f   Thumb Code    18  stm32f4xx_spi.o(.text)
    SPI_I2S_ITConfig                         0x08002f71   Thumb Code    68  stm32f4xx_spi.o(.text)
    SPI_I2S_GetFlagStatus                    0x08002fb5   Thumb Code    18  stm32f4xx_spi.o(.text)
    SPI_I2S_ClearFlag                        0x08002fc7   Thumb Code     6  stm32f4xx_spi.o(.text)
    SPI_I2S_GetITStatus                      0x08002fcd   Thumb Code    52  stm32f4xx_spi.o(.text)
    SPI_I2S_ClearITPendingBit                0x08003001   Thumb Code    20  stm32f4xx_spi.o(.text)
    TIM_DeInit                               0x08003015   Thumb Code   346  stm32f4xx_tim.o(.text)
    TIM_TimeBaseInit                         0x0800316f   Thumb Code   104  stm32f4xx_tim.o(.text)
    TIM_TimeBaseStructInit                   0x080031d7   Thumb Code    18  stm32f4xx_tim.o(.text)
    TIM_PrescalerConfig                      0x080031e9   Thumb Code     6  stm32f4xx_tim.o(.text)
    TIM_CounterModeConfig                    0x080031ef   Thumb Code    18  stm32f4xx_tim.o(.text)
    TIM_SetCounter                           0x08003201   Thumb Code     4  stm32f4xx_tim.o(.text)
    TIM_SetAutoreload                        0x08003205   Thumb Code     4  stm32f4xx_tim.o(.text)
    TIM_GetCounter                           0x08003209   Thumb Code     6  stm32f4xx_tim.o(.text)
    TIM_GetPrescaler                         0x0800320f   Thumb Code     6  stm32f4xx_tim.o(.text)
    TIM_UpdateDisableConfig                  0x08003215   Thumb Code    24  stm32f4xx_tim.o(.text)
    TIM_UpdateRequestConfig                  0x0800322d   Thumb Code    24  stm32f4xx_tim.o(.text)
    TIM_ARRPreloadConfig                     0x08003245   Thumb Code    24  stm32f4xx_tim.o(.text)
    TIM_SelectOnePulseMode                   0x0800325d   Thumb Code    18  stm32f4xx_tim.o(.text)
    TIM_SetClockDivision                     0x0800326f   Thumb Code    18  stm32f4xx_tim.o(.text)
    TIM_Cmd                                  0x08003281   Thumb Code    24  stm32f4xx_tim.o(.text)
    TIM_OC1Init                              0x08003299   Thumb Code   114  stm32f4xx_tim.o(.text)
    TIM_OC2Init                              0x0800330b   Thumb Code   154  stm32f4xx_tim.o(.text)
    TIM_OC3Init                              0x080033a5   Thumb Code   204  stm32f4xx_tim.o(.text)
    TIM_OC4Init                              0x08003471   Thumb Code   112  stm32f4xx_tim.o(.text)
    TIM_OCStructInit                         0x080034e1   Thumb Code    20  stm32f4xx_tim.o(.text)
    TIM_SelectOCxM                           0x080034f5   Thumb Code    86  stm32f4xx_tim.o(.text)
    TIM_SetCompare1                          0x0800354b   Thumb Code     4  stm32f4xx_tim.o(.text)
    TIM_SetCompare2                          0x0800354f   Thumb Code     4  stm32f4xx_tim.o(.text)
    TIM_SetCompare3                          0x08003553   Thumb Code     4  stm32f4xx_tim.o(.text)
    TIM_SetCompare4                          0x08003557   Thumb Code     4  stm32f4xx_tim.o(.text)
    TIM_ForcedOC1Config                      0x0800355b   Thumb Code    18  stm32f4xx_tim.o(.text)
    TIM_ForcedOC2Config                      0x0800356d   Thumb Code    26  stm32f4xx_tim.o(.text)
    TIM_ForcedOC3Config                      0x08003587   Thumb Code    18  stm32f4xx_tim.o(.text)
    TIM_ForcedOC4Config                      0x08003599   Thumb Code    26  stm32f4xx_tim.o(.text)
    TIM_OC1PreloadConfig                     0x080035b3   Thumb Code    18  stm32f4xx_tim.o(.text)
    TIM_OC2PreloadConfig                     0x080035c5   Thumb Code    26  stm32f4xx_tim.o(.text)
    TIM_OC3PreloadConfig                     0x080035df   Thumb Code    18  stm32f4xx_tim.o(.text)
    TIM_OC4PreloadConfig                     0x080035f1   Thumb Code    26  stm32f4xx_tim.o(.text)
    TIM_OC1FastConfig                        0x0800360b   Thumb Code    18  stm32f4xx_tim.o(.text)
    TIM_OC2FastConfig                        0x0800361d   Thumb Code    26  stm32f4xx_tim.o(.text)
    TIM_OC3FastConfig                        0x08003637   Thumb Code    18  stm32f4xx_tim.o(.text)
    TIM_OC4FastConfig                        0x08003649   Thumb Code    26  stm32f4xx_tim.o(.text)
    TIM_ClearOC1Ref                          0x08003663   Thumb Code    18  stm32f4xx_tim.o(.text)
    TIM_ClearOC2Ref                          0x08003675   Thumb Code    24  stm32f4xx_tim.o(.text)
    TIM_ClearOC3Ref                          0x0800368d   Thumb Code    18  stm32f4xx_tim.o(.text)
    TIM_ClearOC4Ref                          0x0800369f   Thumb Code    24  stm32f4xx_tim.o(.text)
    TIM_OC1PolarityConfig                    0x080036b7   Thumb Code    18  stm32f4xx_tim.o(.text)
    TIM_OC1NPolarityConfig                   0x080036c9   Thumb Code    18  stm32f4xx_tim.o(.text)
    TIM_OC2PolarityConfig                    0x080036db   Thumb Code    26  stm32f4xx_tim.o(.text)
    TIM_OC2NPolarityConfig                   0x080036f5   Thumb Code    26  stm32f4xx_tim.o(.text)
    TIM_OC3PolarityConfig                    0x0800370f   Thumb Code    26  stm32f4xx_tim.o(.text)
    TIM_OC3NPolarityConfig                   0x08003729   Thumb Code    26  stm32f4xx_tim.o(.text)
    TIM_OC4PolarityConfig                    0x08003743   Thumb Code    26  stm32f4xx_tim.o(.text)
    TIM_CCxCmd                               0x0800375d   Thumb Code    30  stm32f4xx_tim.o(.text)
    TIM_CCxNCmd                              0x0800377b   Thumb Code    30  stm32f4xx_tim.o(.text)
    TIM_SetIC4Prescaler                      0x08003799   Thumb Code    26  stm32f4xx_tim.o(.text)
    TIM_SetIC3Prescaler                      0x08003803   Thumb Code    18  stm32f4xx_tim.o(.text)
    TIM_SetIC2Prescaler                      0x0800385d   Thumb Code    26  stm32f4xx_tim.o(.text)
    TIM_SetIC1Prescaler                      0x080038d1   Thumb Code    18  stm32f4xx_tim.o(.text)
    TIM_ICInit                               0x0800391d   Thumb Code   110  stm32f4xx_tim.o(.text)
    TIM_ICStructInit                         0x0800398b   Thumb Code    18  stm32f4xx_tim.o(.text)
    TIM_PWMIConfig                           0x0800399d   Thumb Code   124  stm32f4xx_tim.o(.text)
    TIM_GetCapture1                          0x08003a19   Thumb Code     6  stm32f4xx_tim.o(.text)
    TIM_GetCapture2                          0x08003a1f   Thumb Code     6  stm32f4xx_tim.o(.text)
    TIM_GetCapture3                          0x08003a25   Thumb Code     6  stm32f4xx_tim.o(.text)
    TIM_GetCapture4                          0x08003a2b   Thumb Code     6  stm32f4xx_tim.o(.text)
    TIM_BDTRConfig                           0x08003a31   Thumb Code    32  stm32f4xx_tim.o(.text)
    TIM_BDTRStructInit                       0x08003a51   Thumb Code    18  stm32f4xx_tim.o(.text)
    TIM_CtrlPWMOutputs                       0x08003a63   Thumb Code    30  stm32f4xx_tim.o(.text)
    TIM_SelectCOM                            0x08003a81   Thumb Code    24  stm32f4xx_tim.o(.text)
    TIM_CCPreloadControl                     0x08003a99   Thumb Code    24  stm32f4xx_tim.o(.text)
    TIM_ITConfig                             0x08003ab1   Thumb Code    18  stm32f4xx_tim.o(.text)
    TIM_GenerateEvent                        0x08003ac3   Thumb Code     4  stm32f4xx_tim.o(.text)
    TIM_GetFlagStatus                        0x08003ac7   Thumb Code    18  stm32f4xx_tim.o(.text)
    TIM_ClearFlag                            0x08003ad9   Thumb Code     6  stm32f4xx_tim.o(.text)
    TIM_GetITStatus                          0x08003adf   Thumb Code    34  stm32f4xx_tim.o(.text)
    TIM_ClearITPendingBit                    0x08003b01   Thumb Code     6  stm32f4xx_tim.o(.text)
    TIM_DMAConfig                            0x08003b07   Thumb Code    10  stm32f4xx_tim.o(.text)
    TIM_DMACmd                               0x08003b11   Thumb Code    18  stm32f4xx_tim.o(.text)
    TIM_SelectCCDMA                          0x08003b23   Thumb Code    24  stm32f4xx_tim.o(.text)
    TIM_InternalClockConfig                  0x08003b3b   Thumb Code    12  stm32f4xx_tim.o(.text)
    TIM_SelectInputTrigger                   0x08003b47   Thumb Code    18  stm32f4xx_tim.o(.text)
    TIM_ITRxExternalClockConfig              0x08003b59   Thumb Code    24  stm32f4xx_tim.o(.text)
    TIM_TIxExternalClockConfig               0x08003b71   Thumb Code    62  stm32f4xx_tim.o(.text)
    TIM_ETRConfig                            0x08003baf   Thumb Code    28  stm32f4xx_tim.o(.text)
    TIM_ETRClockMode1Config                  0x08003bcb   Thumb Code    54  stm32f4xx_tim.o(.text)
    TIM_ETRClockMode2Config                  0x08003c01   Thumb Code    32  stm32f4xx_tim.o(.text)
    TIM_SelectOutputTrigger                  0x08003c21   Thumb Code    18  stm32f4xx_tim.o(.text)
    TIM_SelectSlaveMode                      0x08003c33   Thumb Code    18  stm32f4xx_tim.o(.text)
    TIM_SelectMasterSlaveMode                0x08003c45   Thumb Code    18  stm32f4xx_tim.o(.text)
    TIM_EncoderInterfaceConfig               0x08003c57   Thumb Code    66  stm32f4xx_tim.o(.text)
    TIM_SelectHallSensor                     0x08003c99   Thumb Code    24  stm32f4xx_tim.o(.text)
    TIM_RemapConfig                          0x08003cb1   Thumb Code     6  stm32f4xx_tim.o(.text)
    USART_DeInit                             0x08003cb9   Thumb Code   206  stm32f4xx_usart.o(.text)
    USART_Init                               0x08003d87   Thumb Code   204  stm32f4xx_usart.o(.text)
    USART_StructInit                         0x08003e53   Thumb Code    24  stm32f4xx_usart.o(.text)
    USART_ClockInit                          0x08003e6b   Thumb Code    32  stm32f4xx_usart.o(.text)
    USART_ClockStructInit                    0x08003e8b   Thumb Code    12  stm32f4xx_usart.o(.text)
    USART_Cmd                                0x08003e97   Thumb Code    24  stm32f4xx_usart.o(.text)
    USART_SetPrescaler                       0x08003eaf   Thumb Code    16  stm32f4xx_usart.o(.text)
    USART_OverSampling8Cmd                   0x08003ebf   Thumb Code    22  stm32f4xx_usart.o(.text)
    USART_OneBitMethodCmd                    0x08003ed5   Thumb Code    24  stm32f4xx_usart.o(.text)
    USART_SendData                           0x08003eed   Thumb Code     8  stm32f4xx_usart.o(.text)
    USART_ReceiveData                        0x08003ef5   Thumb Code    10  stm32f4xx_usart.o(.text)
    USART_SetAddress                         0x08003eff   Thumb Code    18  stm32f4xx_usart.o(.text)
    USART_ReceiverWakeUpCmd                  0x08003f11   Thumb Code    24  stm32f4xx_usart.o(.text)
    USART_WakeUpConfig                       0x08003f29   Thumb Code    18  stm32f4xx_usart.o(.text)
    USART_LINBreakDetectLengthConfig         0x08003f3b   Thumb Code    18  stm32f4xx_usart.o(.text)
    USART_LINCmd                             0x08003f4d   Thumb Code    24  stm32f4xx_usart.o(.text)
    USART_SendBreak                          0x08003f65   Thumb Code    10  stm32f4xx_usart.o(.text)
    USART_HalfDuplexCmd                      0x08003f6f   Thumb Code    24  stm32f4xx_usart.o(.text)
    USART_SetGuardTime                       0x08003f87   Thumb Code    16  stm32f4xx_usart.o(.text)
    USART_SmartCardCmd                       0x08003f97   Thumb Code    24  stm32f4xx_usart.o(.text)
    USART_SmartCardNACKCmd                   0x08003faf   Thumb Code    24  stm32f4xx_usart.o(.text)
    USART_IrDAConfig                         0x08003fc7   Thumb Code    18  stm32f4xx_usart.o(.text)
    USART_IrDACmd                            0x08003fd9   Thumb Code    24  stm32f4xx_usart.o(.text)
    USART_DMACmd                             0x08003ff1   Thumb Code    18  stm32f4xx_usart.o(.text)
    USART_ITConfig                           0x08004003   Thumb Code    74  stm32f4xx_usart.o(.text)
    USART_GetFlagStatus                      0x0800404d   Thumb Code    26  stm32f4xx_usart.o(.text)
    USART_ClearFlag                          0x08004067   Thumb Code    18  stm32f4xx_usart.o(.text)
    USART_GetITStatus                        0x08004079   Thumb Code   118  stm32f4xx_usart.o(.text)
    USART_ClearITPendingBit                  0x080040ef   Thumb Code    30  stm32f4xx_usart.o(.text)
    __use_two_region_memory                  0x0800410d   Thumb Code     2  heapauxi.o(.text)
    __rt_heap_escrow$2region                 0x0800410f   Thumb Code     2  heapauxi.o(.text)
    __rt_heap_expand$2region                 0x08004111   Thumb Code     2  heapauxi.o(.text)
    __user_setup_stackheap                   0x08004113   Thumb Code    74  sys_stackheap_outer.o(.text)
    exit                                     0x0800415d   Thumb Code    18  exit.o(.text)
    __user_libspace                          0x08004171   Thumb Code     8  libspace.o(.text)
    __user_perproc_libspace                  0x08004171   Thumb Code     0  libspace.o(.text)
    __user_perthread_libspace                0x08004171   Thumb Code     0  libspace.o(.text)
    _sys_exit                                0x08004179   Thumb Code     8  sys_exit.o(.text)
    __I$use$semihosting                      0x08004185   Thumb Code     0  use_no_semi.o(.text)
    __use_no_semihosting_swi                 0x08004185   Thumb Code     2  use_no_semi.o(.text)
    __semihosting_library_function           0x08004187   Thumb Code     0  indicate_semi.o(.text)
    _fp_init                                 0x08004187   Thumb Code    10  fpinit.o(x$fpl$fpinit)
    __fplib_config_fpu_vfp                   0x0800418f   Thumb Code     0  fpinit.o(x$fpl$fpinit)
    __fplib_config_pureend_doubles           0x0800418f   Thumb Code     0  fpinit.o(x$fpl$fpinit)
    Region$$Table$$Base                      0x08004190   Number         0  anon$$obj.o(Region$$Table)
    Region$$Table$$Limit                     0x080041b0   Number         0  anon$$obj.o(Region$$Table)
    Angle_sensor_value                       0x20000010   Data           4  hand_main_fuction.o(.data)
    Pressure_sensor_value                    0x20000014   Data           4  hand_main_fuction.o(.data)
    Current_sensor_value                     0x20000018   Data           4  hand_main_fuction.o(.data)
    g_ulMsCounters                           0x20000068   Data           8  drv_sysclk.o(.data)
    GPIO_TYPE                                0x20000070   Data          24  drv_timer.o(.data)
    GPIO_POSITIVE_PIN                        0x20000088   Data          12  drv_timer.o(.data)
    GPIO_NEGETIVE_PIN                        0x20000094   Data          12  drv_timer.o(.data)
    SystemCoreClock                          0x200000a4   Data           4  system_stm32f4xx.o(.data)
    AHBPrescTable                            0x200000a8   Data          16  system_stm32f4xx.o(.data)
    Hand_value_rec                           0x200000c8   Data          36  hand_main_fuction.o(.bss)
    Hand_value                               0x200000ec   Data         180  hand_main_fuction.o(.bss)
    angle_value_start                        0x200001a0   Data          12  hand_main_fuction.o(.bss)
    sensor_interface                         0x200001ac   Data          24  inter_sensors.o(.bss)
    receive_Pack                             0x200001c4   Data          56  tran_protocol_uart.o(.bss)
    pack_interface                           0x200001fc   Data          16  tran_protocol_uart.o(.bss)
    adc_sensor                               0x2000020c   Data          32  drv_adc.o(.bss)
    spi_sensors                              0x2000022c   Data          16  drv_spi.o(.bss)
    __libspace_start                         0x2000023c   Data          96  libspace.o(.bss)
    __temporary_stack_top$libspace           0x2000029c   Data           0  libspace.o(.bss)



==============================================================================

Memory Map of the image

  Image Entry point : 0x08000189

  Load Region LR_IROM1 (Base: 0x08000000, Size: 0x00004278, Max: 0x00080000, ABSOLUTE)

    Execution Region ER_IROM1 (Base: 0x08000000, Size: 0x000041b0, Max: 0x00080000, ABSOLUTE)

    Base Addr    Size         Type   Attr      Idx    E Section Name        Object

    0x08000000   0x00000188   Data   RO          479    RESET               startup_stm32f40_41xxx.o
    0x08000188   0x00000008   Code   RO         1205  * !!!main             c_w.l(__main.o)
    0x08000190   0x00000034   Code   RO         1362    !!!scatter          c_w.l(__scatter.o)
    0x080001c4   0x0000001a   Code   RO         1364    !!handler_copy      c_w.l(__scatter_copy.o)
    0x080001de   0x00000002   PAD
    0x080001e0   0x0000001c   Code   RO         1366    !!handler_zi        c_w.l(__scatter_zi.o)
    0x080001fc   0x00000002   Code   RO         1232    .ARM.Collect$$libinit$$00000000  c_w.l(libinit.o)
    0x080001fe   0x00000004   Code   RO         1238    .ARM.Collect$$libinit$$00000001  c_w.l(libinit2.o)
    0x08000202   0x00000000   Code   RO         1241    .ARM.Collect$$libinit$$00000004  c_w.l(libinit2.o)
    0x08000202   0x00000000   Code   RO         1244    .ARM.Collect$$libinit$$0000000A  c_w.l(libinit2.o)
    0x08000202   0x00000000   Code   RO         1246    .ARM.Collect$$libinit$$0000000C  c_w.l(libinit2.o)
    0x08000202   0x00000000   Code   RO         1248    .ARM.Collect$$libinit$$0000000E  c_w.l(libinit2.o)
    0x08000202   0x00000000   Code   RO         1251    .ARM.Collect$$libinit$$00000011  c_w.l(libinit2.o)
    0x08000202   0x00000000   Code   RO         1253    .ARM.Collect$$libinit$$00000013  c_w.l(libinit2.o)
    0x08000202   0x00000000   Code   RO         1255    .ARM.Collect$$libinit$$00000015  c_w.l(libinit2.o)
    0x08000202   0x00000000   Code   RO         1257    .ARM.Collect$$libinit$$00000017  c_w.l(libinit2.o)
    0x08000202   0x00000000   Code   RO         1259    .ARM.Collect$$libinit$$00000019  c_w.l(libinit2.o)
    0x08000202   0x00000000   Code   RO         1261    .ARM.Collect$$libinit$$0000001B  c_w.l(libinit2.o)
    0x08000202   0x00000000   Code   RO         1263    .ARM.Collect$$libinit$$0000001D  c_w.l(libinit2.o)
    0x08000202   0x00000000   Code   RO         1265    .ARM.Collect$$libinit$$0000001F  c_w.l(libinit2.o)
    0x08000202   0x00000000   Code   RO         1267    .ARM.Collect$$libinit$$00000021  c_w.l(libinit2.o)
    0x08000202   0x00000000   Code   RO         1269    .ARM.Collect$$libinit$$00000023  c_w.l(libinit2.o)
    0x08000202   0x00000000   Code   RO         1271    .ARM.Collect$$libinit$$00000025  c_w.l(libinit2.o)
    0x08000202   0x00000000   Code   RO         1275    .ARM.Collect$$libinit$$0000002C  c_w.l(libinit2.o)
    0x08000202   0x00000000   Code   RO         1277    .ARM.Collect$$libinit$$0000002E  c_w.l(libinit2.o)
    0x08000202   0x00000000   Code   RO         1279    .ARM.Collect$$libinit$$00000030  c_w.l(libinit2.o)
    0x08000202   0x00000000   Code   RO         1281    .ARM.Collect$$libinit$$00000032  c_w.l(libinit2.o)
    0x08000202   0x00000002   Code   RO         1282    .ARM.Collect$$libinit$$00000033  c_w.l(libinit2.o)
    0x08000204   0x00000002   Code   RO         1302    .ARM.Collect$$libshutdown$$00000000  c_w.l(libshutdown.o)
    0x08000206   0x00000000   Code   RO         1315    .ARM.Collect$$libshutdown$$00000002  c_w.l(libshutdown2.o)
    0x08000206   0x00000000   Code   RO         1317    .ARM.Collect$$libshutdown$$00000004  c_w.l(libshutdown2.o)
    0x08000206   0x00000000   Code   RO         1320    .ARM.Collect$$libshutdown$$00000007  c_w.l(libshutdown2.o)
    0x08000206   0x00000000   Code   RO         1323    .ARM.Collect$$libshutdown$$0000000A  c_w.l(libshutdown2.o)
    0x08000206   0x00000000   Code   RO         1325    .ARM.Collect$$libshutdown$$0000000C  c_w.l(libshutdown2.o)
    0x08000206   0x00000000   Code   RO         1328    .ARM.Collect$$libshutdown$$0000000F  c_w.l(libshutdown2.o)
    0x08000206   0x00000002   Code   RO         1329    .ARM.Collect$$libshutdown$$00000010  c_w.l(libshutdown2.o)
    0x08000208   0x00000000   Code   RO         1207    .ARM.Collect$$rtentry$$00000000  c_w.l(__rtentry.o)
    0x08000208   0x00000000   Code   RO         1209    .ARM.Collect$$rtentry$$00000002  c_w.l(__rtentry2.o)
    0x08000208   0x00000006   Code   RO         1221    .ARM.Collect$$rtentry$$00000004  c_w.l(__rtentry4.o)
    0x0800020e   0x00000000   Code   RO         1211    .ARM.Collect$$rtentry$$00000009  c_w.l(__rtentry2.o)
    0x0800020e   0x00000004   Code   RO         1212    .ARM.Collect$$rtentry$$0000000A  c_w.l(__rtentry2.o)
    0x08000212   0x00000000   Code   RO         1214    .ARM.Collect$$rtentry$$0000000C  c_w.l(__rtentry2.o)
    0x08000212   0x00000008   Code   RO         1215    .ARM.Collect$$rtentry$$0000000D  c_w.l(__rtentry2.o)
    0x0800021a   0x00000002   Code   RO         1236    .ARM.Collect$$rtexit$$00000000  c_w.l(rtexit.o)
    0x0800021c   0x00000000   Code   RO         1284    .ARM.Collect$$rtexit$$00000002  c_w.l(rtexit2.o)
    0x0800021c   0x00000004   Code   RO         1285    .ARM.Collect$$rtexit$$00000003  c_w.l(rtexit2.o)
    0x08000220   0x00000006   Code   RO         1286    .ARM.Collect$$rtexit$$00000004  c_w.l(rtexit2.o)
    0x08000226   0x00000002   PAD
    0x08000228   0x0000016c   Code   RO            3    .text               main.o
    0x08000394   0x00000670   Code   RO          164    .text               hand_main_fuction.o
    0x08000a04   0x0000003c   Code   RO          188    .text               inter_sensors.o
    0x08000a40   0x00000030   Code   RO          211    .text               led_blink.o
    0x08000a70   0x00000264   Code   RO          232    .text               tran_protocol_uart.o
    0x08000cd4   0x000002a4   Code   RO          256    .text               drv_adc.o
    0x08000f78   0x000001a4   Code   RO          279    .text               drv_spi.o
    0x0800111c   0x00000080   Code   RO          302    .text               drv_sysclk.o
    0x0800119c   0x00000364   Code   RO          329    .text               drv_timer.o
    0x08001500   0x0000003c   Code   RO          352    .text               drv_led.o
    0x0800153c   0x0000020c   Code   RO          372    .text               drv_uart.o
    0x08001748   0x00000020   Code   RO          404    .text               stm32f4xx_it.o
    0x08001768   0x00000210   Code   RO          453    .text               system_stm32f4xx.o
    0x08001978   0x00000040   Code   RO          480    .text               startup_stm32f40_41xxx.o
    0x080019b8   0x000000e0   Code   RO          486    .text               misc.o
    0x08001a98   0x00000464   Code   RO          506    .text               stm32f4xx_adc.o
    0x08001efc   0x000003a8   Code   RO          729    .text               stm32f4xx_dma.o
    0x080022a4   0x00000294   Code   RO          835    .text               stm32f4xx_gpio.o
    0x08002538   0x0000065c   Code   RO          998    .text               stm32f4xx_rcc.o
    0x08002b94   0x00000480   Code   RO         1103    .text               stm32f4xx_spi.o
    0x08003014   0x00000ca2   Code   RO         1143    .text               stm32f4xx_tim.o
    0x08003cb6   0x00000002   PAD
    0x08003cb8   0x00000454   Code   RO         1163    .text               stm32f4xx_usart.o
    0x0800410c   0x00000006   Code   RO         1203    .text               c_w.l(heapauxi.o)
    0x08004112   0x0000004a   Code   RO         1223    .text               c_w.l(sys_stackheap_outer.o)
    0x0800415c   0x00000012   Code   RO         1225    .text               c_w.l(exit.o)
    0x0800416e   0x00000002   PAD
    0x08004170   0x00000008   Code   RO         1233    .text               c_w.l(libspace.o)
    0x08004178   0x0000000c   Code   RO         1294    .text               c_w.l(sys_exit.o)
    0x08004184   0x00000002   Code   RO         1305    .text               c_w.l(use_no_semi.o)
    0x08004186   0x00000000   Code   RO         1307    .text               c_w.l(indicate_semi.o)
    0x08004186   0x0000000a   Code   RO         1292    x$fpl$fpinit        fz_wm.l(fpinit.o)
    0x08004190   0x00000020   Data   RO         1360    Region$$Table       anon$$obj.o


    Execution Region RW_IRAM1 (Base: 0x20000000, Size: 0x000008a0, Max: 0x00020000, ABSOLUTE)

    Base Addr    Size         Type   Attr      Idx    E Section Name        Object

    0x20000000   0x0000000d   Data   RW            4    .data               main.o
    0x2000000d   0x00000003   PAD
    0x20000010   0x00000041   Data   RW          166    .data               hand_main_fuction.o
    0x20000051   0x00000007   PAD
    0x20000058   0x00000008   Data   RW          212    .data               led_blink.o
    0x20000060   0x00000005   Data   RW          234    .data               tran_protocol_uart.o
    0x20000065   0x00000003   PAD
    0x20000068   0x00000008   Data   RW          303    .data               drv_sysclk.o
    0x20000070   0x00000030   Data   RW          330    .data               drv_timer.o
    0x200000a0   0x00000004   Data   RW          373    .data               drv_uart.o
    0x200000a4   0x00000014   Data   RW          454    .data               system_stm32f4xx.o
    0x200000b8   0x00000010   Data   RW          999    .data               stm32f4xx_rcc.o
    0x200000c8   0x000000e4   Zero   RW          165    .bss                hand_main_fuction.o
    0x200001ac   0x00000018   Zero   RW          189    .bss                inter_sensors.o
    0x200001c4   0x00000048   Zero   RW          233    .bss                tran_protocol_uart.o
    0x2000020c   0x00000020   Zero   RW          257    .bss                drv_adc.o
    0x2000022c   0x00000010   Zero   RW          280    .bss                drv_spi.o
    0x2000023c   0x00000060   Zero   RW         1234    .bss                c_w.l(libspace.o)
    0x2000029c   0x00000004   PAD
    0x200002a0   0x00000200   Zero   RW          478    HEAP                startup_stm32f40_41xxx.o
    0x200004a0   0x00000400   Zero   RW          477    STACK               startup_stm32f40_41xxx.o


==============================================================================

Image component sizes


      Code (inc. data)   RO Data    RW Data    ZI Data      Debug   Object Name

       676         30          0          0         32       2281   drv_adc.o
        60          4          0          0          0        646   drv_led.o
       420         16          0          0         16       2098   drv_spi.o
       128         14          0          8          0      28008   drv_sysclk.o
       868         42          0         48          0       2680   drv_timer.o
       524         22          0          4          0       2806   drv_uart.o
      1648         62          0         65        228       5548   hand_main_fuction.o
        60          6          0          0         24       1359   inter_sensors.o
        48          6          0          8          0        568   led_blink.o
       364         12          0         13          0     321772   main.o
       224         20          0          0          0       1801   misc.o
        64         26        392          0       1536        828   startup_stm32f40_41xxx.o
      1124         24          0          0          0      10670   stm32f4xx_adc.o
       936         32          0          0          0       6373   stm32f4xx_dma.o
       660         44          0          0          0       4141   stm32f4xx_gpio.o
        32          0          0          0          0       1342   stm32f4xx_it.o
      1628         52          0         16          0      13008   stm32f4xx_rcc.o
      1152         36          0          0          0       6889   stm32f4xx_spi.o
      3234         60          0          0          0      22996   stm32f4xx_tim.o
      1108         34          0          0          0       7864   stm32f4xx_usart.o
       528         46          0         20          0       1751   system_stm32f4xx.o
       612         44          0          5         72       2622   tran_protocol_uart.o

    ----------------------------------------------------------------------
     16100        632        424        200       1908     448051   Object Totals
         0          0         32          0          0          0   (incl. Generated)
         2          0          0         13          0          0   (incl. Padding)

    ----------------------------------------------------------------------

      Code (inc. data)   RO Data    RW Data    ZI Data      Debug   Library Member Name

         8          0          0          0          0         68   __main.o
         0          0          0          0          0          0   __rtentry.o
        12          0          0          0          0          0   __rtentry2.o
         6          0          0          0          0          0   __rtentry4.o
        52          8          0          0          0          0   __scatter.o
        26          0          0          0          0          0   __scatter_copy.o
        28          0          0          0          0          0   __scatter_zi.o
        18          0          0          0          0         80   exit.o
         6          0          0          0          0        152   heapauxi.o
         0          0          0          0          0          0   indicate_semi.o
         2          0          0          0          0          0   libinit.o
         6          0          0          0          0          0   libinit2.o
         2          0          0          0          0          0   libshutdown.o
         2          0          0          0          0          0   libshutdown2.o
         8          4          0          0         96         68   libspace.o
         2          0          0          0          0          0   rtexit.o
        10          0          0          0          0          0   rtexit2.o
        12          4          0          0          0         68   sys_exit.o
        74          0          0          0          0         80   sys_stackheap_outer.o
         2          0          0          0          0         68   use_no_semi.o
        10          0          0          0          0        116   fpinit.o

    ----------------------------------------------------------------------
       292         16          0          0        100        700   Library Totals
         6          0          0          0          4          0   (incl. Padding)

    ----------------------------------------------------------------------

      Code (inc. data)   RO Data    RW Data    ZI Data      Debug   Library Name

       276         16          0          0         96        584   c_w.l
        10          0          0          0          0        116   fz_wm.l

    ----------------------------------------------------------------------
       292         16          0          0        100        700   Library Totals

    ----------------------------------------------------------------------

==============================================================================


      Code (inc. data)   RO Data    RW Data    ZI Data      Debug   

     16392        648        424        200       2008     443995   Grand Totals
     16392        648        424        200       2008     443995   ELF Image Totals
     16392        648        424        200          0          0   ROM Totals

==============================================================================

    Total RO  Size (Code + RO Data)                16816 (  16.42kB)
    Total RW  Size (RW Data + ZI Data)              2208 (   2.16kB)
    Total ROM Size (Code + RO Data + RW Data)      17016 (  16.62kB)

==============================================================================

