<html>
<body>
<pre>
<h1>µVision Build Log</h1>
<h2>Project:</h2>
C:\Users\42128\SHURobotHand\USER\Template.uvprojx
Project File Date:  05/19/2017

<h2>Output:</h2>
Build target 'Template'
compiling main.c...
..\SRC\application\main.c(77): warning:  #188-D: enumerated type mixed with another type
                                set_motor_direction(FINGER_SEL_THUMB, SERVO_DIR_UP);
..\SRC\application\main.c(78): warning:  #188-D: enumerated type mixed with another type
                                set_motor_direction(FINGER_SEL_INDEX, SERVO_DIR_UP);
..\SRC\application\main.c(79): warning:  #188-D: enumerated type mixed with another type
                                set_motor_direction(FINGER_SEL_MIDDLE, SERVO_DIR_UP);
..\SRC\application\main.c(80): warning:  #188-D: enumerated type mixed with another type
                                set_motor_direction(FINGER_SEL_RING, SERVO_DIR_UP);
..\SRC\application\main.c(81): warning:  #188-D: enumerated type mixed with another type
                                set_motor_direction(FINGER_SEL_LITTLE, SERVO_DIR_UP);
..\SRC\application\main.c(82): warning:  #188-D: enumerated type mixed with another type
                                set_motor_direction(FINGER_SEL_ROOT, SERVO_DIR_UP);
..\SRC\application\main.c(86): warning:  #188-D: enumerated type mixed with another type
                                set_motor_direction(FINGER_SEL_THUMB, SERVO_DIR_DOWN);
..\SRC\application\main.c(87): warning:  #188-D: enumerated type mixed with another type
                                set_motor_direction(FINGER_SEL_INDEX, SERVO_DIR_DOWN);
..\SRC\application\main.c(88): warning:  #188-D: enumerated type mixed with another type
                                set_motor_direction(FINGER_SEL_MIDDLE, SERVO_DIR_DOWN);
..\SRC\application\main.c(89): warning:  #188-D: enumerated type mixed with another type
                                set_motor_direction(FINGER_SEL_RING, SERVO_DIR_DOWN);
..\SRC\application\main.c(90): warning:  #188-D: enumerated type mixed with another type
                                set_motor_direction(FINGER_SEL_LITTLE, SERVO_DIR_DOWN);
..\SRC\application\main.c(91): warning:  #188-D: enumerated type mixed with another type
                                set_motor_direction(FINGER_SEL_ROOT, SERVO_DIR_DOWN);   
..\SRC\application\main.c(61): warning:  #177-D: variable "adc_sensors" was declared but never referenced
                        ADC_SENSORS* adc_sensors;
..\SRC\application\main.c: 13 warnings, 0 errors
compiling inter_sensors.c...
compiling led_blink.c...
compiling drv_adc.c...
compiling drv_spi.c...
compiling drv_sysclk.c...
compiling drv_timer.c...
compiling drv_led.c...
..\SRC\driver\drv_led.c(22): warning:  #1-D: last line of file ends without a newline
        
..\SRC\driver\drv_led.c: 1 warning, 0 errors
compiling drv_uart.c...
..\SRC\driver\drv_uart.c(129): warning:  #550-D: variable "temp" was set but never used
                uint8_t temp;
..\SRC\driver\drv_uart.c(148): warning:  #1-D: last line of file ends without a newline
        
..\SRC\driver\drv_uart.c(50): warning:  #177-D: function "_drv_uart_system_init" was declared but never referenced
  static void _drv_uart_system_init(uint32_t baudrate)
..\SRC\driver\drv_uart.c: 3 warnings, 0 errors
compiling stm32f4xx_it.c...
stm32f4xx_it.c(144): warning:  #223-D: function "SysTickIntHandler" declared implicitly
     SysTickIntHandler();
stm32f4xx_it.c: 1 warning, 0 errors
compiling system_stm32f4xx.c...
assembling startup_stm32f40_41xxx.s...
compiling misc.c...
compiling stm32f4xx_adc.c...
compiling stm32f4xx_can.c...
compiling stm32f4xx_crc.c...
compiling stm32f4xx_cryp.c...
compiling stm32f4xx_cryp_aes.c...
compiling stm32f4xx_cryp_des.c...
compiling stm32f4xx_cryp_tdes.c...
compiling stm32f4xx_dac.c...
compiling stm32f4xx_dbgmcu.c...
compiling stm32f4xx_dcmi.c...
compiling stm32f4xx_dma2d.c...
compiling stm32f4xx_dma.c...
compiling stm32f4xx_exti.c...
compiling stm32f4xx_flash.c...
compiling stm32f4xx_flash_ramfunc.c...
compiling stm32f4xx_fsmc.c...
compiling stm32f4xx_gpio.c...
compiling stm32f4xx_hash.c...
compiling stm32f4xx_hash_md5.c...
compiling stm32f4xx_hash_sha1.c...
compiling stm32f4xx_i2c.c...
compiling stm32f4xx_iwdg.c...
compiling stm32f4xx_ltdc.c...
compiling stm32f4xx_pwr.c...
compiling stm32f4xx_rcc.c...
compiling stm32f4xx_rng.c...
compiling stm32f4xx_rtc.c...
compiling stm32f4xx_sai.c...
compiling stm32f4xx_sdio.c...
compiling stm32f4xx_spi.c...
compiling stm32f4xx_syscfg.c...
compiling stm32f4xx_tim.c...
compiling stm32f4xx_usart.c...
compiling stm32f4xx_wwdg.c...
linking...
Program Size: Code=14048 RO-data=424 RW-data=116 ZI-data=1684  
FromELF: creating hex file...
"..\OBJ\Template.axf" - 0 Error(s), 18 Warning(s).
</pre>
</body>
</html>
